Archive member included to satisfy reference by file (symbol)

/opt/devkitpro/libctru/lib/libcitro2d.a(base.o)
                              main.o (C2D_Init)
/opt/devkitpro/libctru/lib/libcitro2d.a(text.o)
                              topdisplay.o (C2D_TextBufNew)
/opt/devkitpro/libctru/lib/libcitro2d.a(font.o)
                              /opt/devkitpro/libctru/lib/libcitro2d.a(text.o) (C2D_FontGlyphIndexFromCodePoint)
/opt/devkitpro/libctru/lib/libcitro2d.a(render2d.shbin.o)
                              /opt/devkitpro/libctru/lib/libcitro2d.a(base.o) (render2d_shbin)
/opt/devkitpro/libctru/lib/libcitro3d.a(base.o)
                              main.o (C3D_Init)
/opt/devkitpro/libctru/lib/libcitro3d.a(renderqueue.o)
                              /opt/devkitpro/libctru/lib/libcitro3d.a(base.o) (C3Di_RenderQueueEnableVBlank)
/opt/devkitpro/libctru/lib/libcitro3d.a(texture.o)
                              setup.o (C3D_TexBind)
/opt/devkitpro/libctru/lib/libcitro3d.a(tex3ds.o)
                              setup.o (Tex3DS_TextureImport)
/opt/devkitpro/libctru/lib/libcitro3d.a(framebuffer.o)
                              /opt/devkitpro/libctru/lib/libcitro3d.a(renderqueue.o) (C3D_CalcColorBufSize)
/opt/devkitpro/libctru/lib/libcitro3d.a(texenv.o)
                              updatestate.o (C3D_GetTexEnv)
/opt/devkitpro/libctru/lib/libcitro3d.a(proctex.o)
                              /opt/devkitpro/libctru/lib/libcitro2d.a(base.o) (C3D_ProcTexInit)
/opt/devkitpro/libctru/lib/libcitro3d.a(buffers.o)
                              setup.o (BufInfo_Init)
/opt/devkitpro/libctru/lib/libcitro3d.a(drawArrays.o)
                              updatestate.o (C3D_DrawArrays)
/opt/devkitpro/libctru/lib/libcitro3d.a(effect.o)
                              /opt/devkitpro/libctru/lib/libcitro3d.a(base.o) (C3D_DepthMap)
/opt/devkitpro/libctru/lib/libcitro3d.a(attribs.o)
                              setup.o (AttrInfo_Init)
/opt/devkitpro/libctru/lib/libcitro3d.a(immediate.o)
                              /opt/devkitpro/libctru/lib/libcitro3d.a(base.o) (C3D_ImmSendAttrib)
/opt/devkitpro/libctru/lib/libcitro3d.a(uniforms.o)
                              /opt/devkitpro/libctru/lib/libcitro3d.a(base.o) (C3D_UpdateUniforms)
/opt/devkitpro/libctru/lib/libcitro3d.a(mtx_ortho.o)
                              /opt/devkitpro/libctru/lib/libcitro2d.a(base.o) (Mtx_Ortho)
/opt/devkitpro/libctru/lib/libcitro3d.a(mtx_scale.o)
                              topdisplay.o (Mtx_Scale)
/opt/devkitpro/libctru/lib/libcitro3d.a(mtx_multiply.o)
                              /opt/devkitpro/libctru/lib/libcitro2d.a(base.o) (Mtx_Multiply)
/opt/devkitpro/libctru/lib/libcitro3d.a(mtx_rotatex.o)
                              topdisplay.o (Mtx_RotateX)
/opt/devkitpro/libctru/lib/libcitro3d.a(mtx_persptilt.o)
                              updatestate.o (Mtx_PerspTilt)
/opt/devkitpro/libctru/lib/libcitro3d.a(mtx_orthotilt.o)
                              updatestate.o (Mtx_OrthoTilt)
/opt/devkitpro/libctru/lib/libcitro3d.a(mtx_translate.o)
                              updatestate.o (Mtx_Translate)
/opt/devkitpro/libctru/lib/libcitro3d.a(mtx_rotatez.o)
                              topdisplay.o (Mtx_RotateZ)
/opt/devkitpro/libctru/lib/libcitro3d.a(mtx_rotatey.o)
                              topdisplay.o (Mtx_RotateY)
/opt/devkitpro/libctru/lib/libctru.a(vram.o)
                              /opt/devkitpro/libctru/lib/libcitro3d.a(renderqueue.o) (vramAlloc)
/opt/devkitpro/libctru/lib/libctru.a(linear.o)
                              setup.o (linearAlloc)
/opt/devkitpro/libctru/lib/libctru.a(mem_pool.o)
                              /opt/devkitpro/libctru/lib/libctru.a(vram.o) (MemPool::Allocate(MemChunk&, unsigned long, int))
/opt/devkitpro/libctru/lib/libctru.a(romfs_dev.o)
                              /opt/devkitpro/libctru/lib/libcitro2d.a(font.o) (romfsMountFromTitle)
/opt/devkitpro/libctru/lib/libctru.a(os.o)
                              /opt/devkitpro/libctru/lib/libcitro3d.a(texture.o) (osConvertVirtToPhys)
/opt/devkitpro/libctru/lib/libctru.a(path_buf.o)
                              /opt/devkitpro/libctru/lib/libctru.a(romfs_dev.o) (__ctru_dev_utf16_buf)
/opt/devkitpro/libctru/lib/libctru.a(font.o)
                              /opt/devkitpro/libctru/lib/libcitro2d.a(text.o) (fontEnsureMapped)
/opt/devkitpro/libctru/lib/libctru.a(gfx.o)
                              /opt/devkitpro/libctru/lib/libcitro2d.a(base.o) (gfxIsWide)
/opt/devkitpro/libctru/lib/libctru.a(shaderProgram.o)
                              setup.o (shaderInstanceGetUniformLocation)
/opt/devkitpro/libctru/lib/libctru.a(shbin.o)
                              setup.o (DVLB_ParseFile)
/opt/devkitpro/libctru/lib/libctru.a(gx.o)
                              /opt/devkitpro/libctru/lib/libcitro3d.a(renderqueue.o) (GX_BindQueue)
/opt/devkitpro/libctru/lib/libctru.a(gxqueue.o)
                              /opt/devkitpro/libctru/lib/libcitro3d.a(renderqueue.o) (gxCmdQueueClear)
[...]
Memory Configuration

Name             Origin             Length             Attributes
*default*        0x0000000000000000 0xffffffffffffffff

Linker script and memory map

                0x0000000000100000                PROVIDE (__start__ = 0x100000)
                0x0000000000100000                . = __start__

.text           0x0000000000100000    0x23e38
 *(.crt0)
 .crt0          0x0000000000100000       0x94 /opt/devkitpro/devkitARM/bin/../lib/gcc/arm-none-eabi/10.2.0/../../../../arm-none-eabi/lib/armv6k/fpu/3dsx_crt0.o
                0x0000000000100000                _start
                0x0000000000100008                __service_ptr
                0x000000000010000c                __apt_appid
                0x0000000000100010                __heap_size
                0x0000000000100014                __linear_heap_size
                0x0000000000100018                __system_arglist
                0x000000000010001c                __system_runflags
 *(.init)
 .init          0x0000000000100094        0xc /opt/devkitpro/devkitARM/bin/../lib/gcc/arm-none-eabi/10.2.0/armv6k/fpu/crti.o
                0x0000000000100094                _init
 .init          0x00000000001000a0        0xc /opt/devkitpro/devkitARM/bin/../lib/gcc/arm-none-eabi/10.2.0/armv6k/fpu/crtn.o
                0x00000000001000ac                . = ALIGN (0x4)
 *(.text)
 .text          0x00000000001000ac      0x20c /opt/devkitpro/devkitARM/bin/../lib/gcc/arm-none-eabi/10.2.0/armv6k/fpu/libgcc.a(_udivsi3.o)
                0x00000000001000ac                __udivsi3
                0x00000000001000ac                __aeabi_uidiv
                0x0000000000100298                __aeabi_uidivmod
 .text          0x00000000001002b8      0x240 /opt/devkitpro/devkitARM/bin/../lib/gcc/arm-none-eabi/10.2.0/armv6k/fpu/libgcc.a(_divsi3.o)
                0x00000000001002b8                __aeabi_idiv
                0x00000000001002b8                __divsi3
                0x00000000001004d8                __aeabi_idivmod
 .text          0x00000000001004f8        0x4 /opt/devkitpro/devkitARM/bin/../lib/gcc/arm-none-eabi/10.2.0/armv6k/fpu/libgcc.a(_dvmd_tls.o)
                0x00000000001004f8                __aeabi_ldiv0
                0x00000000001004f8                __aeabi_idiv0
 .text          0x00000000001004fc      0x3c0 /opt/devkitpro/devkitARM/bin/../lib/gcc/arm-none-eabi/10.2.0/armv6k/fpu/libgcc.a(_arm_addsubdf3.o)
                0x00000000001004fc                __aeabi_drsub
                0x0000000000100504                __aeabi_dsub
                0x0000000000100504                __subdf3
                0x0000000000100508                __adddf3
                0x0000000000100508                __aeabi_dadd
                0x00000000001007b4                __aeabi_ui2d
                0x00000000001007b4                __floatunsidf
                0x00000000001007d8                __floatsidf
                0x00000000001007d8                __aeabi_i2d
                0x0000000000100800                __extendsfdf2
                0x0000000000100800                __aeabi_f2d
                0x0000000000100848                __aeabi_ul2d
                0x0000000000100848                __floatundidf
                0x000000000010085c                __floatdidf
                0x000000000010085c                __aeabi_l2d
 .text          0x00000000001008bc       0xd4 /opt/devkitpro/devkitARM/bin/../lib/gcc/arm-none-eabi/10.2.0/armv6k/fpu/libgcc.a(_aeabi_ldivmod.o)
                0x00000000001008bc                __aeabi_ldivmod
 .text          0x0000000000100990       0x3c /opt/devkitpro/devkitARM/bin/../lib/gcc/arm-none-eabi/10.2.0/armv6k/fpu/libgcc.a(_aeabi_uldivmod.o)
                0x0000000000100990                __aeabi_uldivmod
 *fill*         0x00000000001009cc       0x14 
 .text          0x00000000001009e0      0x390 /opt/devkitpro/devkitARM/bin/../lib/gcc/arm-none-eabi/10.2.0/../../../../arm-none-eabi/lib/armv6k/fpu/libg.a(lib_a-strcmp.o)
                0x00000000001009e8                strcmp
 *(.text.*)
 .text.__do_global_dtors_aux
                0x0000000000100d70       0x40 /opt/devkitpro/devkitARM/bin/../lib/gcc/arm-none-eabi/10.2.0/armv6k/fpu/crtbegin.o
 .text.frame_dummy
                0x0000000000100db0       0x2c /opt/devkitpro/devkitARM/bin/../lib/gcc/arm-none-eabi/10.2.0/armv6k/fpu/crtbegin.o
 .text.setupBuffs
                0x0000000000100ddc      0x358 setup.o
                0x0000000000100ddc                setupBuffs
 .text.sceneExit
                0x0000000000101134       0xa8 setup.o
                0x0000000000101134                sceneExit
 .text.updateState
                0x00000000001011dc      0x84c updatestate.o
                0x00000000001011dc                updateState
 .text.setBuffs
                0x0000000000101a28      0x150 updatestate.o
                0x0000000000101a28                setBuffs
 .text.sliderout
                0x0000000000101b78      0x224 updatestate.o
                0x0000000000101b78                sliderout
 *fill*         0x0000000000101d9c        0x4 
 .text.textSet  0x0000000000101da0      0x128 updatestate.o
                0x0000000000101da0                textSet
 .text.subDisplay
                0x0000000000101ec8      0x208 subfolder.o
                0x0000000000101ec8                subDisplay
 .text.addfolder
                0x00000000001020d0       0xa0 foldcreation.o
                0x00000000001020d0                addfolder
 .text.addfolderhead
                0x0000000000102170       0x78 foldcreation.o
                0x0000000000102170                addfolderhead
 .text.drawtext
                0x00000000001021e8      0x108 topdisplay.o
 .text.topSetMV
                0x00000000001022f0      0x18c topdisplay.o
 .text.topDraw  0x000000000010247c       0xdc topdisplay.o
 .text.drawmaintext
                0x0000000000102558       0xa8 topdisplay.o
 .text.drawmainWrapper
                0x0000000000102600       0xe0 topdisplay.o
 .text.topSetup
                0x00000000001026e0       0x4c topdisplay.o
                0x00000000001026e0                topSetup
 *fill*         0x000000000010272c        0x4 
 .text.topscreenrender
                0x0000000000102730      0x2cc topdisplay.o
                0x0000000000102730                topscreenrender
 .text.createFolders
                0x00000000001029fc       0x5c textbuffs.o
                0x00000000001029fc                createFolders
 .text.startup.main
                0x0000000000102a58      0x16c main.o
                0x0000000000102a58                main
 *fill*         0x0000000000102bc4        0x4 
 .text.mainDisplay
                0x0000000000102bc8      0x23c mainfolder.o
                0x0000000000102bc8                mainDisplay
 .text.C2Di_FrameEndHook
                0x0000000000102e04       0x34 /opt/devkitpro/libctru/lib/libcitro2d.a(base.o)
 .text.C2D_Init
                0x0000000000102e38      0x330 /opt/devkitpro/libctru/lib/libcitro2d.a(base.o)
                0x0000000000102e38                C2D_Init
 .text.C2D_Fini
                0x0000000000103168       0x44 /opt/devkitpro/libctru/lib/libcitro2d.a(base.o)
                0x0000000000103168                C2D_Fini
 .text.C2D_Prepare
                0x00000000001031ac       0xd0 /opt/devkitpro/libctru/lib/libcitro2d.a(base.o)
                0x00000000001031ac                C2D_Prepare
 .text.C2D_Flush
                0x000000000010327c       0x3c /opt/devkitpro/libctru/lib/libcitro2d.a(base.o)
                0x000000000010327c                C2D_Flush
 .text.C2D_SceneSize
                0x00000000001032b8      0x108 /opt/devkitpro/libctru/lib/libcitro2d.a(base.o)
                0x00000000001032b8                C2D_SceneSize
 .text.C2Di_AppendVtx
                0x00000000001033c0       0x40 /opt/devkitpro/libctru/lib/libcitro2d.a(base.o)
                0x00000000001033c0                C2Di_AppendVtx
 .text.C2Di_Update
                0x0000000000103400      0x22c /opt/devkitpro/libctru/lib/libcitro2d.a(base.o)
                0x0000000000103400                C2Di_Update
 .text.C2Di_GlyphComp
                0x000000000010362c       0x18 /opt/devkitpro/libctru/lib/libcitro2d.a(text.o)
 .text.C2Di_CalcLineWidths
                0x0000000000103644      0x140 /opt/devkitpro/libctru/lib/libcitro2d.a(text.o)
 .text.C2D_TextBufNew
                0x0000000000103784      0x1d0 /opt/devkitpro/libctru/lib/libcitro2d.a(text.o)
                0x0000000000103784                C2D_TextBufNew
 .text.C2D_TextBufClear
                0x0000000000103954        0xc /opt/devkitpro/libctru/lib/libcitro2d.a(text.o)
                0x0000000000103954                C2D_TextBufClear
 .text.C2D_TextFontParseLine
                0x0000000000103960      0x1c8 /opt/devkitpro/libctru/lib/libcitro2d.a(text.o)
                0x0000000000103960                C2D_TextFontParseLine
 .text.C2D_TextFontParse
                0x0000000000103b28       0xa8 /opt/devkitpro/libctru/lib/libcitro2d.a(text.o)
                0x0000000000103b28                C2D_TextFontParse
 .text.C2D_TextParse
                0x0000000000103bd0       0x14 /opt/devkitpro/libctru/lib/libcitro2d.a(text.o)
                0x0000000000103bd0                C2D_TextParse
 .text.C2D_TextOptimize
                0x0000000000103be4       0x30 /opt/devkitpro/libctru/lib/libcitro2d.a(text.o)
                0x0000000000103be4                C2D_TextOptimize
 .text.C2D_DrawText
                0x0000000000103c14     0x10d4 /opt/devkitpro/libctru/lib/libcitro2d.a(text.o)
                0x0000000000103c14                C2D_DrawText
 .text.C2D_FontGlyphIndexFromCodePoint
                0x0000000000104ce8       0x44 /opt/devkitpro/libctru/lib/libcitro2d.a(font.o)
                0x0000000000104ce8                C2D_FontGlyphIndexFromCodePoint
 .text.C2D_FontCalcGlyphPos
                0x0000000000104d2c       0x78 /opt/devkitpro/libctru/lib/libcitro2d.a(font.o)
                0x0000000000104d2c                C2D_FontCalcGlyphPos
 .text.C3Di_LightEnvUpdate
                0x0000000000104da4        0x4 /opt/devkitpro/libctru/lib/libcitro3d.a(base.o)
                0x0000000000104da4                C3Di_LightEnvUpdate
 .text.C3Di_LightEnvDirty
                0x0000000000104da8        0x4 /opt/devkitpro/libctru/lib/libcitro3d.a(base.o)
                0x0000000000104da8                C3Di_LightEnvDirty
 .text.C3Di_AptEventHook
                0x0000000000104dac       0xb4 /opt/devkitpro/libctru/lib/libcitro3d.a(base.o)
 .text.C3Di_GasUpdate
                0x0000000000104e60        0x4 /opt/devkitpro/libctru/lib/libcitro3d.a(base.o)
                0x0000000000104e60                C3Di_GasUpdate
 .text.C3D_Init
                0x0000000000104e64      0x1e0 /opt/devkitpro/libctru/lib/libcitro3d.a(base.o)
                0x0000000000104e64                C3D_Init
 .text.C3D_SetViewport
                0x0000000000105044       0x98 /opt/devkitpro/libctru/lib/libcitro3d.a(base.o)
                0x0000000000105044                C3D_SetViewport
 .text.C3Di_UpdateContext
                0x00000000001050dc      0x4ec /opt/devkitpro/libctru/lib/libcitro3d.a(base.o)
                0x00000000001050dc                C3Di_UpdateContext
 .text.C3Di_SplitFrame
                0x00000000001055c8       0xe0 /opt/devkitpro/libctru/lib/libcitro3d.a(base.o)
                0x00000000001055c8                C3Di_SplitFrame
 .text.C3D_Fini
                0x00000000001056a8       0x44 /opt/devkitpro/libctru/lib/libcitro3d.a(base.o)
                0x00000000001056a8                C3D_Fini
 .text.C3D_BindProgram
                0x00000000001056ec      0x108 /opt/devkitpro/libctru/lib/libcitro3d.a(base.o)
                0x00000000001056ec                C3D_BindProgram
 .text.onVBlank0
                0x00000000001057f4       0x4c /opt/devkitpro/libctru/lib/libcitro3d.a(renderqueue.o)
 .text.onVBlank1
                0x0000000000105840       0x4c /opt/devkitpro/libctru/lib/libcitro3d.a(renderqueue.o)
 .text.C3Di_RenderTargetDestroy
                0x000000000010588c       0x80 /opt/devkitpro/libctru/lib/libcitro3d.a(renderqueue.o)
 .text.onQueueFinish
                0x000000000010590c       0xf4 /opt/devkitpro/libctru/lib/libcitro3d.a(renderqueue.o)
 .text.C3Di_RenderQueueEnableVBlank
                0x0000000000105a00       0x38 /opt/devkitpro/libctru/lib/libcitro3d.a(renderqueue.o)
                0x0000000000105a00                C3Di_RenderQueueEnableVBlank
 .text.C3Di_RenderQueueDisableVBlank
                0x0000000000105a38       0x30 /opt/devkitpro/libctru/lib/libcitro3d.a(renderqueue.o)
                0x0000000000105a38                C3Di_RenderQueueDisableVBlank
 .text.C3Di_RenderQueueInit
                0x0000000000105a68       0x60 /opt/devkitpro/libctru/lib/libcitro3d.a(renderqueue.o)
                0x0000000000105a68                C3Di_RenderQueueInit
 .text.C3Di_RenderQueueExit
                0x0000000000105ac8       0xb0 /opt/devkitpro/libctru/lib/libcitro3d.a(renderqueue.o)
                0x0000000000105ac8                C3Di_RenderQueueExit
 .text.C3Di_RenderQueueWaitDone
                0x0000000000105b78       0x34 /opt/devkitpro/libctru/lib/libcitro3d.a(renderqueue.o)
                0x0000000000105b78                C3Di_RenderQueueWaitDone
 .text.C3D_FrameBegin
                0x0000000000105bac       0xe4 /opt/devkitpro/libctru/lib/libcitro3d.a(renderqueue.o)
                0x0000000000105bac                C3D_FrameBegin
 .text.C3D_FrameDrawOn
                0x0000000000105c90       0x48 /opt/devkitpro/libctru/lib/libcitro3d.a(renderqueue.o)
                0x0000000000105c90                C3D_FrameDrawOn
 .text.C3D_FrameEnd
                0x0000000000105cd8      0x1d8 /opt/devkitpro/libctru/lib/libcitro3d.a(renderqueue.o)
                0x0000000000105cd8                C3D_FrameEnd
 .text.C3D_FrameEndHook
                0x0000000000105eb0       0x1c /opt/devkitpro/libctru/lib/libcitro3d.a(renderqueue.o)
                0x0000000000105eb0                C3D_FrameEndHook
 .text.C3D_RenderTargetCreate
                0x0000000000105ecc      0x128 /opt/devkitpro/libctru/lib/libcitro3d.a(renderqueue.o)
                0x0000000000105ecc                C3D_RenderTargetCreate
 .text.C3D_RenderTargetSetOutput
                0x0000000000105ff4       0xa8 /opt/devkitpro/libctru/lib/libcitro3d.a(renderqueue.o)
                0x0000000000105ff4                C3D_RenderTargetSetOutput
 .text.C3D_SyncTextureCopy
                0x000000000010609c       0xfc /opt/devkitpro/libctru/lib/libcitro3d.a(renderqueue.o)
                0x000000000010609c                C3D_SyncTextureCopy
 .text.C3D_TexInitWithParams
                0x0000000000106198      0x2a0 /opt/devkitpro/libctru/lib/libcitro3d.a(texture.o)
                0x0000000000106198                C3D_TexInitWithParams
 .text.C3D_TexLoadImage
                0x0000000000106438       0xc8 /opt/devkitpro/libctru/lib/libcitro3d.a(texture.o)
                0x0000000000106438                C3D_TexLoadImage
 .text.C3D_TexBind
                0x0000000000106500       0x44 /opt/devkitpro/libctru/lib/libcitro3d.a(texture.o)
                0x0000000000106500                C3D_TexBind
 .text.C3D_TexDelete
                0x0000000000106544       0x74 /opt/devkitpro/libctru/lib/libcitro3d.a(texture.o)
                0x0000000000106544                C3D_TexDelete
 .text.C3Di_SetTex
                0x00000000001065b8      0x16c /opt/devkitpro/libctru/lib/libcitro3d.a(texture.o)
                0x00000000001065b8                C3Di_SetTex
 .text.Tex3DSi_ImportCommon
                0x0000000000106724      0x3f4 /opt/devkitpro/libctru/lib/libcitro3d.a(tex3ds.o)
 .text.Tex3DS_TextureImport
                0x0000000000106b18       0x34 /opt/devkitpro/libctru/lib/libcitro3d.a(tex3ds.o)
                0x0000000000106b18                Tex3DS_TextureImport
 .text.Tex3DS_TextureFree
                0x0000000000106b4c        0x4 /opt/devkitpro/libctru/lib/libcitro3d.a(tex3ds.o)
                0x0000000000106b4c                Tex3DS_TextureFree
 .text.C3D_CalcColorBufSize
                0x0000000000106b50       0x1c /opt/devkitpro/libctru/lib/libcitro3d.a(framebuffer.o)
                0x0000000000106b50                C3D_CalcColorBufSize
 .text.C3D_CalcDepthBufSize
                0x0000000000106b6c       0x1c /opt/devkitpro/libctru/lib/libcitro3d.a(framebuffer.o)
                0x0000000000106b6c                C3D_CalcDepthBufSize
 .text.C3D_SetFrameBuf
                0x0000000000106b88       0x44 /opt/devkitpro/libctru/lib/libcitro3d.a(framebuffer.o)
                0x0000000000106b88                C3D_SetFrameBuf
 .text.C3Di_FrameBufBind
                0x0000000000106bcc      0x16c /opt/devkitpro/libctru/lib/libcitro3d.a(framebuffer.o)
                0x0000000000106bcc                C3Di_FrameBufBind
 .text.C3D_FrameBufClear
                0x0000000000106d38       0xcc /opt/devkitpro/libctru/lib/libcitro3d.a(framebuffer.o)
                0x0000000000106d38                C3D_FrameBufClear
 .text.C3D_FrameBufTransfer
                0x0000000000106e04       0x44 /opt/devkitpro/libctru/lib/libcitro3d.a(framebuffer.o)
                0x0000000000106e04                C3D_FrameBufTransfer
 .text.C3D_GetTexEnv
                0x0000000000106e48       0x34 /opt/devkitpro/libctru/lib/libcitro3d.a(texenv.o)
                0x0000000000106e48                C3D_GetTexEnv
 .text.C3Di_TexEnvBind
                0x0000000000106e7c       0x24 /opt/devkitpro/libctru/lib/libcitro3d.a(texenv.o)
                0x0000000000106e7c                C3Di_TexEnvBind
 .text.C3D_ProcTexInit
                0x0000000000106ea0       0x70 /opt/devkitpro/libctru/lib/libcitro3d.a(proctex.o)
                0x0000000000106ea0                C3D_ProcTexInit
 .text.C3D_ProcTexBind
                0x0000000000106f10       0x54 /opt/devkitpro/libctru/lib/libcitro3d.a(proctex.o)
                0x0000000000106f10                C3D_ProcTexBind
 .text.C3D_ProcTexLutBind
                0x0000000000106f64       0x5c /opt/devkitpro/libctru/lib/libcitro3d.a(proctex.o)
                0x0000000000106f64                C3D_ProcTexLutBind
 .text.ProcTexLut_FromArray
                0x0000000000106fc0       0xa4 /opt/devkitpro/libctru/lib/libcitro3d.a(proctex.o)
                0x0000000000106fc0                ProcTexLut_FromArray
 .text.C3Di_ProcTexUpdate
                0x0000000000107064      0x17c /opt/devkitpro/libctru/lib/libcitro3d.a(proctex.o)
                0x0000000000107064                C3Di_ProcTexUpdate
 .text.C3Di_ProcTexDirty
                0x00000000001071e0       0x68 /opt/devkitpro/libctru/lib/libcitro3d.a(proctex.o)
                0x00000000001071e0                C3Di_ProcTexDirty
 .text.BufInfo_Init
                0x0000000000107248       0x24 /opt/devkitpro/libctru/lib/libcitro3d.a(buffers.o)
                0x0000000000107248                BufInfo_Init
 .text.BufInfo_Add
                0x000000000010726c       0x80 /opt/devkitpro/libctru/lib/libcitro3d.a(buffers.o)
                0x000000000010726c                BufInfo_Add
 .text.C3D_SetBufInfo
                0x00000000001072ec       0x40 /opt/devkitpro/libctru/lib/libcitro3d.a(buffers.o)
                0x00000000001072ec                C3D_SetBufInfo
 .text.C3Di_BufInfoBind
                0x000000000010732c       0x48 /opt/devkitpro/libctru/lib/libcitro3d.a(buffers.o)
                0x000000000010732c                C3Di_BufInfoBind
 .text.C3D_DrawArrays
                0x0000000000107374      0x148 /opt/devkitpro/libctru/lib/libcitro3d.a(drawArrays.o)
                0x0000000000107374                C3D_DrawArrays
 .text.C3D_DepthMap
                0x00000000001074bc       0x40 /opt/devkitpro/libctru/lib/libcitro3d.a(effect.o)
                0x00000000001074bc                C3D_DepthMap
 .text.C3D_CullFace
                0x00000000001074fc       0x1c /opt/devkitpro/libctru/lib/libcitro3d.a(effect.o)
                0x00000000001074fc                C3D_CullFace
 .text.C3D_StencilTest
                0x0000000000107518       0x40 /opt/devkitpro/libctru/lib/libcitro3d.a(effect.o)
                0x0000000000107518                C3D_StencilTest
 .text.C3D_StencilOp
                0x0000000000107558       0x24 /opt/devkitpro/libctru/lib/libcitro3d.a(effect.o)
                0x0000000000107558                C3D_StencilOp
 .text.C3D_BlendingColor
                0x000000000010757c       0x1c /opt/devkitpro/libctru/lib/libcitro3d.a(effect.o)
                0x000000000010757c                C3D_BlendingColor
 .text.C3D_EarlyDepthTest
                0x0000000000107598       0x24 /opt/devkitpro/libctru/lib/libcitro3d.a(effect.o)
                0x0000000000107598                C3D_EarlyDepthTest
 .text.C3D_DepthTest
                0x00000000001075bc       0x2c /opt/devkitpro/libctru/lib/libcitro3d.a(effect.o)
                0x00000000001075bc                C3D_DepthTest
 .text.C3D_AlphaTest
                0x00000000001075e8       0x2c /opt/devkitpro/libctru/lib/libcitro3d.a(effect.o)
                0x00000000001075e8                C3D_AlphaTest
 .text.C3D_AlphaBlend
                0x0000000000107614       0x50 /opt/devkitpro/libctru/lib/libcitro3d.a(effect.o)
                0x0000000000107614                C3D_AlphaBlend
 .text.C3D_FragOpMode
                0x0000000000107664       0x30 /opt/devkitpro/libctru/lib/libcitro3d.a(effect.o)
                0x0000000000107664                C3D_FragOpMode
 .text.C3D_FragOpShadow
                0x0000000000107694       0x44 /opt/devkitpro/libctru/lib/libcitro3d.a(effect.o)
                0x0000000000107694                C3D_FragOpShadow
 .text.C3Di_EffectBind
                0x00000000001076d8      0x1ac /opt/devkitpro/libctru/lib/libcitro3d.a(effect.o)
                0x00000000001076d8                C3Di_EffectBind
 .text.AttrInfo_Init
                0x0000000000107884       0x28 /opt/devkitpro/libctru/lib/libcitro3d.a(attribs.o)
                0x0000000000107884                AttrInfo_Init
 .text.AttrInfo_AddLoader
                0x00000000001078ac       0x98 /opt/devkitpro/libctru/lib/libcitro3d.a(attribs.o)
                0x00000000001078ac                AttrInfo_AddLoader
 .text.C3D_SetAttrInfo
                0x0000000000107944       0x54 /opt/devkitpro/libctru/lib/libcitro3d.a(attribs.o)
                0x0000000000107944                C3D_SetAttrInfo
 .text.C3Di_AttrInfoBind
                0x0000000000107998       0x80 /opt/devkitpro/libctru/lib/libcitro3d.a(attribs.o)
                0x0000000000107998                C3Di_AttrInfoBind
 .text.C3D_ImmSendAttrib
                0x0000000000107a18       0xa8 /opt/devkitpro/libctru/lib/libcitro3d.a(immediate.o)
                0x0000000000107a18                C3D_ImmSendAttrib
 .text.C3D_UpdateUniforms
                0x0000000000107ac0      0x29c /opt/devkitpro/libctru/lib/libcitro3d.a(uniforms.o)
                0x0000000000107ac0                C3D_UpdateUniforms
 .text.C3Di_DirtyUniforms
                0x0000000000107d5c       0xc0 /opt/devkitpro/libctru/lib/libcitro3d.a(uniforms.o)
                0x0000000000107d5c                C3Di_DirtyUniforms
 .text.C3Di_LoadShaderUniforms
                0x0000000000107e1c       0xd8 /opt/devkitpro/libctru/lib/libcitro3d.a(uniforms.o)
                0x0000000000107e1c                C3Di_LoadShaderUniforms
 .text.C3Di_ClearShaderUniforms
                0x0000000000107ef4       0x28 /opt/devkitpro/libctru/lib/libcitro3d.a(uniforms.o)
                0x0000000000107ef4                C3Di_ClearShaderUniforms
 .text.Mtx_Ortho
                0x0000000000107f1c       0xcc /opt/devkitpro/libctru/lib/libcitro3d.a(mtx_ortho.o)
                0x0000000000107f1c                Mtx_Ortho
 .text.Mtx_Scale
                0x0000000000107fe8       0x38 /opt/devkitpro/libctru/lib/libcitro3d.a(mtx_scale.o)
                0x0000000000107fe8                Mtx_Scale
 .text.Mtx_RotateX
                0x0000000000108020       0xa4 /opt/devkitpro/libctru/lib/libcitro3d.a(mtx_rotatex.o)
                0x0000000000108020                Mtx_RotateX
 .text.Mtx_PerspTilt
                0x00000000001080c4       0x94 /opt/devkitpro/libctru/lib/libcitro3d.a(mtx_persptilt.o)
                0x00000000001080c4                Mtx_PerspTilt
 .text.Mtx_OrthoTilt
                0x0000000000108158       0xcc /opt/devkitpro/libctru/lib/libcitro3d.a(mtx_orthotilt.o)
                0x0000000000108158                Mtx_OrthoTilt
 .text.Mtx_Translate
                0x0000000000108224       0xa0 /opt/devkitpro/libctru/lib/libcitro3d.a(mtx_translate.o)
                0x0000000000108224                Mtx_Translate
 .text.Mtx_RotateZ
                0x00000000001082c4       0xa0 /opt/devkitpro/libctru/lib/libcitro3d.a(mtx_rotatez.o)
                0x00000000001082c4                Mtx_RotateZ
 .text.Mtx_RotateY
                0x0000000000108364       0xa0 /opt/devkitpro/libctru/lib/libcitro3d.a(mtx_rotatey.o)
                0x0000000000108364                Mtx_RotateY
 .text._ZL21addrMapNodeComparatorPK11rbtree_nodeS1_
                0x0000000000108404       0x24 /opt/devkitpro/libctru/lib/libctru.a(vram.o)
 .text._ZL21addrMapNodeDestructorP11rbtree_node
                0x0000000000108428        0x4 /opt/devkitpro/libctru/lib/libctru.a(vram.o)
 .text.vramMemAlign
                0x000000000010842c      0x114 /opt/devkitpro/libctru/lib/libctru.a(vram.o)
                0x000000000010842c                vramMemAlign
 .text.vramAlloc
                0x0000000000108540        0x8 /opt/devkitpro/libctru/lib/libctru.a(vram.o)
                0x0000000000108540                vramAlloc
 .text.vramFree
                0x0000000000108548       0x5c /opt/devkitpro/libctru/lib/libctru.a(vram.o)
                0x0000000000108548                vramFree
 .text._ZL21addrMapNodeComparatorPK11rbtree_nodeS1_
                0x00000000001085a4       0x24 /opt/devkitpro/libctru/lib/libctru.a(linear.o)
 .text._ZL21addrMapNodeDestructorP11rbtree_node
                0x00000000001085c8        0x4 /opt/devkitpro/libctru/lib/libctru.a(linear.o)
 .text.linearMemAlign
                0x00000000001085cc      0x120 /opt/devkitpro/libctru/lib/libctru.a(linear.o)
                0x00000000001085cc                linearMemAlign
 .text.linearAlloc
                0x00000000001086ec        0x8 /opt/devkitpro/libctru/lib/libctru.a(linear.o)
                0x00000000001086ec                linearAlloc
 .text.linearFree
                0x00000000001086f4       0x5c /opt/devkitpro/libctru/lib/libctru.a(linear.o)
                0x00000000001086f4                linearFree
 .text._ZN7MemPool13CoalesceRightEP8MemBlock
                0x0000000000108750       0x84 /opt/devkitpro/libctru/lib/libctru.a(mem_pool.o)
                0x0000000000108750                MemPool::CoalesceRight(MemBlock*)
 .text._ZN7MemPool8AllocateER8MemChunkmi
                0x00000000001087d4      0x170 /opt/devkitpro/libctru/lib/libctru.a(mem_pool.o)
                0x00000000001087d4                MemPool::Allocate(MemChunk&, unsigned long, int)
 .text._ZN7MemPool10DeallocateERK8MemChunk
                0x0000000000108944       0xfc /opt/devkitpro/libctru/lib/libctru.a(mem_pool.o)
                0x0000000000108944                MemPool::Deallocate(MemChunk const&)
 .text.osConvertVirtToPhys
                0x0000000000108a40       0x74 /opt/devkitpro/libctru/lib/libctru.a(os.o)
                0x0000000000108a40                osConvertVirtToPhys
 .text.osGetTimeRef
                0x0000000000108ab4       0x54 /opt/devkitpro/libctru/lib/libctru.a(os.o)
                0x0000000000108ab4                osGetTimeRef
 .text.osGetTime
                0x0000000000108b08       0xe4 /opt/devkitpro/libctru/lib/libctru.a(os.o)
                0x0000000000108b08                osGetTime
 .text.__libctru_gtod
                0x0000000000108bec       0x74 /opt/devkitpro/libctru/lib/libctru.a(os.o)
                0x0000000000108bec                __libctru_gtod
 .text.__ctru_speedup_config
                0x0000000000108c60       0x34 /opt/devkitpro/libctru/lib/libctru.a(os.o)
                0x0000000000108c60                __ctru_speedup_config
 .text.fontEnsureMapped
                0x0000000000108c94       0x9c /opt/devkitpro/libctru/lib/libctru.a(font.o)
                0x0000000000108c94                fontEnsureMapped
 .text.fontGlyphIndexFromCodePoint
                0x0000000000108d30       0xfc /opt/devkitpro/libctru/lib/libctru.a(font.o)
                0x0000000000108d30                fontGlyphIndexFromCodePoint
 .text.fontGetCharWidthInfo
                0x0000000000108e2c       0x6c /opt/devkitpro/libctru/lib/libctru.a(font.o)
                0x0000000000108e2c                fontGetCharWidthInfo
 .text.fontCalcGlyphPos
                0x0000000000108e98      0x1c0 /opt/devkitpro/libctru/lib/libctru.a(font.o)
                0x0000000000108e98                fontCalcGlyphPos
 .text.gfxPresentFramebuffer
                0x0000000000109058       0xd0 /opt/devkitpro/libctru/lib/libctru.a(gfx.o)
 .text.gfxSetScreenFormat
                0x0000000000109128       0xec /opt/devkitpro/libctru/lib/libctru.a(gfx.o)
                0x0000000000109128                gfxSetScreenFormat
 .text.gfxInit  0x0000000000109214      0x108 /opt/devkitpro/libctru/lib/libctru.a(gfx.o)
                0x0000000000109214                gfxInit
 .text.gfxInitDefault
                0x000000000010931c       0x10 /opt/devkitpro/libctru/lib/libctru.a(gfx.o)
                0x000000000010931c                gfxInitDefault
 .text.gfxExit  0x000000000010932c       0xb4 /opt/devkitpro/libctru/lib/libctru.a(gfx.o)
                0x000000000010932c                gfxExit
 .text.gfxGetFramebuffer
                0x00000000001093e0       0xa0 /opt/devkitpro/libctru/lib/libctru.a(gfx.o)
                0x00000000001093e0                gfxGetFramebuffer
 .text.gfxScreenSwapBuffers
                0x0000000000109480       0x30 /opt/devkitpro/libctru/lib/libctru.a(gfx.o)
                0x0000000000109480                gfxScreenSwapBuffers
 .text.shaderInstanceInit
                0x00000000001094b0      0x1e0 /opt/devkitpro/libctru/lib/libctru.a(shaderProgram.o)
                0x00000000001094b0                shaderInstanceInit
 .text.shaderInstanceGetUniformLocation
                0x0000000000109690       0x18 /opt/devkitpro/libctru/lib/libctru.a(shaderProgram.o)
                0x0000000000109690                shaderInstanceGetUniformLocation
 .text.shaderProgramInit
                0x00000000001096a8       0x1c /opt/devkitpro/libctru/lib/libctru.a(shaderProgram.o)
                0x00000000001096a8                shaderProgramInit
 .text.shaderProgramFree
                0x00000000001096c4       0x64 /opt/devkitpro/libctru/lib/libctru.a(shaderProgram.o)
                0x00000000001096c4                shaderProgramFree
 .text.shaderProgramSetVsh
                0x0000000000109728       0x80 /opt/devkitpro/libctru/lib/libctru.a(shaderProgram.o)
                0x0000000000109728                shaderProgramSetVsh
 .text.shaderProgramConfigure
                0x00000000001097a8      0x8c0 /opt/devkitpro/libctru/lib/libctru.a(shaderProgram.o)
                0x00000000001097a8                shaderProgramConfigure
 .text.DVLE_GenerateOutmap.part.0
                0x000000000010a068      0x1f8 /opt/devkitpro/libctru/lib/libctru.a(shbin.o)
 .text.DVLB_ParseFile
                0x000000000010a260      0x1cc /opt/devkitpro/libctru/lib/libctru.a(shbin.o)
                0x000000000010a260                DVLB_ParseFile
 .text.DVLB_Free
                0x000000000010a42c       0x38 /opt/devkitpro/libctru/lib/libctru.a(shbin.o)
                0x000000000010a42c                DVLB_Free
 .text.DVLE_GetUniformRegister
                0x000000000010a464       0x74 /opt/devkitpro/libctru/lib/libctru.a(shbin.o)
                0x000000000010a464                DVLE_GetUniformRegister
 .text.GX_BindQueue
                0x000000000010a4d8       0x10 /opt/devkitpro/libctru/lib/libctru.a(gx.o)
                0x000000000010a4d8                GX_BindQueue
 .text.GX_ProcessCommandList
                0x000000000010a4e8       0x78 /opt/devkitpro/libctru/lib/libctru.a(gx.o)
                0x000000000010a4e8                GX_ProcessCommandList
 .text.GX_MemoryFill
                0x000000000010a560       0x74 /opt/devkitpro/libctru/lib/libctru.a(gx.o)
                0x000000000010a560                GX_MemoryFill
 .text.GX_DisplayTransfer
                0x000000000010a5d4       0x70 /opt/devkitpro/libctru/lib/libctru.a(gx.o)
                0x000000000010a5d4                GX_DisplayTransfer
 .text.GX_TextureCopy
                0x000000000010a644       0x74 /opt/devkitpro/libctru/lib/libctru.a(gx.o)
                0x000000000010a644                GX_TextureCopy
 .text.gxCmdQueueDoCommands.part.0
                0x000000000010a6b8       0x68 /opt/devkitpro/libctru/lib/libctru.a(gxqueue.o)
 .text.gxCmdQueueInterrupt
                0x000000000010a720       0xc8 /opt/devkitpro/libctru/lib/libctru.a(gxqueue.o)
                0x000000000010a720                gxCmdQueueInterrupt
 .text.gxCmdQueueClear
                0x000000000010a7e8       0x4c /opt/devkitpro/libctru/lib/libctru.a(gxqueue.o)
                0x000000000010a7e8                gxCmdQueueClear
 .text.gxCmdQueueAdd
                0x000000000010a834       0xf8 /opt/devkitpro/libctru/lib/libctru.a(gxqueue.o)
                0x000000000010a834                gxCmdQueueAdd
 .text.gxCmdQueueRun
                0x000000000010a92c       0x80 /opt/devkitpro/libctru/lib/libctru.a(gxqueue.o)
                0x000000000010a92c                gxCmdQueueRun
 .text.gxCmdQueueStop
                0x000000000010a9ac       0x60 /opt/devkitpro/libctru/lib/libctru.a(gxqueue.o)
                0x000000000010a9ac                gxCmdQueueStop
 .text.gxCmdQueueWait
                0x000000000010aa0c       0x74 /opt/devkitpro/libctru/lib/libctru.a(gxqueue.o)
                0x000000000010aa0c                gxCmdQueueWait
 .text.GPUCMD_Add
                0x000000000010aa80      0x13c /opt/devkitpro/libctru/lib/libctru.a(gpu.o)
                0x000000000010aa80                GPUCMD_Add
 .text.GPUCMD_Split
                0x000000000010abbc       0xac /opt/devkitpro/libctru/lib/libctru.a(gpu.o)
                0x000000000010abbc                GPUCMD_Split
 .text.f32tof16
                0x000000000010ac68       0x40 /opt/devkitpro/libctru/lib/libctru.a(gpu.o)
                0x000000000010ac68                f32tof16
 .text.f32tof24
                0x000000000010aca8       0x40 /opt/devkitpro/libctru/lib/libctru.a(gpu.o)
                0x000000000010aca8                f32tof24
 .text.f32tof31
                0x000000000010ace8       0x44 /opt/devkitpro/libctru/lib/libctru.a(gpu.o)
                0x000000000010ace8                f32tof31
 .text.gspHardwareInit
                0x000000000010ad2c      0xc58 /opt/devkitpro/libctru/lib/libctru.a(gspgpu.o)
 .text.gspInit  0x000000000010b984      0x254 /opt/devkitpro/libctru/lib/libctru.a(gspgpu.o)
                0x000000000010b984                gspInit
 .text.gspExit  0x000000000010bbd8       0xf0 /opt/devkitpro/libctru/lib/libctru.a(gspgpu.o)
                0x000000000010bbd8                gspExit
 .text.gspHasGpuRight
                0x000000000010bcc8       0x10 /opt/devkitpro/libctru/lib/libctru.a(gspgpu.o)
                0x000000000010bcc8                gspHasGpuRight
 .text.gspPresentBuffer
                0x000000000010bcd8       0x98 /opt/devkitpro/libctru/lib/libctru.a(gspgpu.o)
                0x000000000010bcd8                gspPresentBuffer
 .text.gspSetEventCallback
                0x000000000010bd70       0x30 /opt/devkitpro/libctru/lib/libctru.a(gspgpu.o)
                0x000000000010bd70                gspSetEventCallback
 .text.gspWaitForEvent
                0x000000000010bda0       0x50 /opt/devkitpro/libctru/lib/libctru.a(gspgpu.o)
                0x000000000010bda0                gspWaitForEvent
 .text.gspWaitForAnyEvent
                0x000000000010bdf0       0x4c /opt/devkitpro/libctru/lib/libctru.a(gspgpu.o)
                0x000000000010bdf0                gspWaitForAnyEvent
 .text.gspEventThreadMain
                0x000000000010be3c      0x160 /opt/devkitpro/libctru/lib/libctru.a(gspgpu.o)
 .text.gspSubmitGxCommand
                0x000000000010bf9c      0x130 /opt/devkitpro/libctru/lib/libctru.a(gspgpu.o)
                0x000000000010bf9c                gspSubmitGxCommand
 .text.GSPGPU_FlushDataCache
                0x000000000010c0cc       0x50 /opt/devkitpro/libctru/lib/libctru.a(gspgpu.o)
                0x000000000010c0cc                GSPGPU_FlushDataCache
 .text.GSPGPU_SetLcdForceBlack
                0x000000000010c11c       0x34 /opt/devkitpro/libctru/lib/libctru.a(gspgpu.o)
                0x000000000010c11c                GSPGPU_SetLcdForceBlack
 .text.GSPGPU_AcquireRight
                0x000000000010c150       0x68 /opt/devkitpro/libctru/lib/libctru.a(gspgpu.o)
                0x000000000010c150                GSPGPU_AcquireRight
 .text.GSPGPU_ReleaseRight
                0x000000000010c1b8       0x48 /opt/devkitpro/libctru/lib/libctru.a(gspgpu.o)
                0x000000000010c1b8                GSPGPU_ReleaseRight
 .text.GSPGPU_ImportDisplayCaptureInfo
                0x000000000010c200       0x7c /opt/devkitpro/libctru/lib/libctru.a(gspgpu.o)
                0x000000000010c200                GSPGPU_ImportDisplayCaptureInfo
 .text.GSPGPU_SaveVramSysArea
                0x000000000010c27c       0x2c /opt/devkitpro/libctru/lib/libctru.a(gspgpu.o)
                0x000000000010c27c                GSPGPU_SaveVramSysArea
 .text.GSPGPU_RestoreVramSysArea
                0x000000000010c2a8       0x2c /opt/devkitpro/libctru/lib/libctru.a(gspgpu.o)
                0x000000000010c2a8                GSPGPU_RestoreVramSysArea
 .text.aptConvertScreenForCapture
                0x000000000010c2d4      0x1b0 /opt/devkitpro/libctru/lib/libctru.a(apt.o)
 .text.aptDspSleep
                0x000000000010c484        0x8 /opt/devkitpro/libctru/lib/libctru.a(apt.o)
                0x000000000010c484                aptDspSleep
 .text.aptDspWakeup
                0x000000000010c48c        0x4 /opt/devkitpro/libctru/lib/libctru.a(apt.o)
                0x000000000010c48c                aptDspWakeup
 .text.aptDspCancel
                0x000000000010c490        0x4 /opt/devkitpro/libctru/lib/libctru.a(apt.o)
                0x000000000010c490                aptDspCancel
 .text.aptSendCommand
                0x000000000010c494      0x15c /opt/devkitpro/libctru/lib/libctru.a(apt.o)
                0x000000000010c494                aptSendCommand
 .text.aptExitProcess
                0x000000000010c5f0       0x38 /opt/devkitpro/libctru/lib/libctru.a(apt.o)
 .text.aptExit  0x000000000010c628      0x2f0 /opt/devkitpro/libctru/lib/libctru.a(apt.o)
                0x000000000010c628                aptExit
 .text.aptHandleSleep
                0x000000000010c918       0xd8 /opt/devkitpro/libctru/lib/libctru.a(apt.o)
                0x000000000010c918                aptHandleSleep
 .text.aptHook  0x000000000010c9f0       0x30 /opt/devkitpro/libctru/lib/libctru.a(apt.o)
                0x000000000010c9f0                aptHook
 .text.aptUnhook
                0x000000000010ca20       0x30 /opt/devkitpro/libctru/lib/libctru.a(apt.o)
                0x000000000010ca20                aptUnhook
 .text.APT_SleepIfShellClosed
                0x000000000010ca50       0x84 /opt/devkitpro/libctru/lib/libctru.a(apt.o)
                0x000000000010ca50                APT_SleepIfShellClosed
 .text.aptSetSleepAllowed
                0x000000000010cad4       0x84 /opt/devkitpro/libctru/lib/libctru.a(apt.o)
                0x000000000010cad4                aptSetSleepAllowed
 .text.APT_UnlockTransition
                0x000000000010cb58       0x84 /opt/devkitpro/libctru/lib/libctru.a(apt.o)
                0x000000000010cb58                APT_UnlockTransition
 *fill*         0x000000000010cbdc        0x4 
 .text.aptEventHandler
                0x000000000010cbe0      0x484 /opt/devkitpro/libctru/lib/libctru.a(apt.o)
 .text.APT_ReceiveParameter
                0x000000000010d064       0xb0 /opt/devkitpro/libctru/lib/libctru.a(apt.o)
                0x000000000010d064                APT_ReceiveParameter
 .text.aptReceiveParameter.constprop.0
                0x000000000010d114       0xb0 /opt/devkitpro/libctru/lib/libctru.a(apt.o)
 *fill*         0x000000000010d1c4        0x4 
 .text.aptScreenTransfer
                0x000000000010d1c8      0x2bc /opt/devkitpro/libctru/lib/libctru.a(apt.o)
 .text.aptWaitForWakeUp.isra.0
                0x000000000010d484      0x2d0 /opt/devkitpro/libctru/lib/libctru.a(apt.o)
 .text.aptJumpToHomeMenu
                0x000000000010d754       0xf8 /opt/devkitpro/libctru/lib/libctru.a(apt.o)
                0x000000000010d754                aptJumpToHomeMenu
 .text.aptMainLoop
                0x000000000010d84c       0x4c /opt/devkitpro/libctru/lib/libctru.a(apt.o)
                0x000000000010d84c                aptMainLoop
 .text.aptInit  0x000000000010d898      0x234 /opt/devkitpro/libctru/lib/libctru.a(apt.o)
                0x000000000010d898                aptInit
 .text.APT_CheckNew3DS
                0x000000000010dacc       0x7c /opt/devkitpro/libctru/lib/libctru.a(apt.o)
                0x000000000010dacc                APT_CheckNew3DS
 .text.APT_GetSharedFont
                0x000000000010db48       0x48 /opt/devkitpro/libctru/lib/libctru.a(apt.o)
                0x000000000010db48                APT_GetSharedFont
 .text.hidShouldUseIrrst
                0x000000000010db90       0x24 /opt/devkitpro/libctru/lib/libctru.a(hid.o)
                0x000000000010db90                hidShouldUseIrrst
 .text.hidInit  0x000000000010dbb4      0x18c /opt/devkitpro/libctru/lib/libctru.a(hid.o)
                0x000000000010dbb4                hidInit
 .text.hidExit  0x000000000010dd40       0xe8 /opt/devkitpro/libctru/lib/libctru.a(hid.o)
                0x000000000010dd40                hidExit
 .text.hidScanInput
                0x000000000010de28      0x294 /opt/devkitpro/libctru/lib/libctru.a(hid.o)
                0x000000000010de28                hidScanInput
 .text.hidKeysDown
                0x000000000010e0bc       0x10 /opt/devkitpro/libctru/lib/libctru.a(hid.o)
                0x000000000010e0bc                hidKeysDown
 .text.hidTouchRead
                0x000000000010e0cc       0x18 /opt/devkitpro/libctru/lib/libctru.a(hid.o)
                0x000000000010e0cc                hidTouchRead
 .text.ptmSysmInit
                0x000000000010e0e4       0x74 /opt/devkitpro/libctru/lib/libctru.a(ptmsysm.o)
                0x000000000010e0e4                ptmSysmInit
 .text.ptmSysmExit
                0x000000000010e158       0x3c /opt/devkitpro/libctru/lib/libctru.a(ptmsysm.o)
                0x000000000010e158                ptmSysmExit
 .text.PTMSYSM_ConfigureNew3DSCPU
                0x000000000010e194       0x34 /opt/devkitpro/libctru/lib/libctru.a(ptmsysm.o)
                0x000000000010e194                PTMSYSM_ConfigureNew3DSCPU
 .text.fsInit   0x000000000010e1c8       0xc8 /opt/devkitpro/libctru/lib/libctru.a(fs.o)
                0x000000000010e1c8                fsInit
 .text.fsExit   0x000000000010e290       0x3c /opt/devkitpro/libctru/lib/libctru.a(fs.o)
                0x000000000010e290                fsExit
 .text.fsExemptFromSession
                0x000000000010e2cc       0x60 /opt/devkitpro/libctru/lib/libctru.a(fs.o)
                0x000000000010e2cc                fsExemptFromSession
 .text.fsUnexemptFromSession
                0x000000000010e32c       0x50 /opt/devkitpro/libctru/lib/libctru.a(fs.o)
                0x000000000010e32c                fsUnexemptFromSession
 .text.FSUSER_OpenFile
                0x000000000010e37c       0xcc /opt/devkitpro/libctru/lib/libctru.a(fs.o)
                0x000000000010e37c                FSUSER_OpenFile
 .text.FSUSER_DeleteFile
                0x000000000010e448       0xbc /opt/devkitpro/libctru/lib/libctru.a(fs.o)
                0x000000000010e448                FSUSER_DeleteFile
 .text.FSUSER_RenameFile
                0x000000000010e504       0xf8 /opt/devkitpro/libctru/lib/libctru.a(fs.o)
                0x000000000010e504                FSUSER_RenameFile
 .text.FSUSER_DeleteDirectory
                0x000000000010e5fc       0xbc /opt/devkitpro/libctru/lib/libctru.a(fs.o)
                0x000000000010e5fc                FSUSER_DeleteDirectory
 .text.FSUSER_CreateFile
                0x000000000010e6b8       0xd4 /opt/devkitpro/libctru/lib/libctru.a(fs.o)
                0x000000000010e6b8                FSUSER_CreateFile
 .text.FSUSER_CreateDirectory
                0x000000000010e78c       0xc4 /opt/devkitpro/libctru/lib/libctru.a(fs.o)
                0x000000000010e78c                FSUSER_CreateDirectory
 .text.FSUSER_RenameDirectory
                0x000000000010e850       0xf8 /opt/devkitpro/libctru/lib/libctru.a(fs.o)
                0x000000000010e850                FSUSER_RenameDirectory
 .text.FSUSER_OpenDirectory
                0x000000000010e948       0xb4 /opt/devkitpro/libctru/lib/libctru.a(fs.o)
                0x000000000010e948                FSUSER_OpenDirectory
 .text.FSUSER_OpenArchive
                0x000000000010e9fc       0x94 /opt/devkitpro/libctru/lib/libctru.a(fs.o)
                0x000000000010e9fc                FSUSER_OpenArchive
 .text.FSUSER_CloseArchive
                0x000000000010ea90       0x8c /opt/devkitpro/libctru/lib/libctru.a(fs.o)
                0x000000000010ea90                FSUSER_CloseArchive
 .text.FSUSER_GetSdmcArchiveResource
                0x000000000010eb1c       0x74 /opt/devkitpro/libctru/lib/libctru.a(fs.o)
                0x000000000010eb1c                FSUSER_GetSdmcArchiveResource
 .text.FSUSER_IsSdmcWritable
                0x000000000010eb90       0x64 /opt/devkitpro/libctru/lib/libctru.a(fs.o)
                0x000000000010eb90                FSUSER_IsSdmcWritable
 .text.FSFILE_Read
                0x000000000010ebf4       0x58 /opt/devkitpro/libctru/lib/libctru.a(fs.o)
                0x000000000010ebf4                FSFILE_Read
 .text.FSFILE_Write
                0x000000000010ec4c       0x60 /opt/devkitpro/libctru/lib/libctru.a(fs.o)
                0x000000000010ec4c                FSFILE_Write
 .text.FSFILE_GetSize
                0x000000000010ecac       0x38 /opt/devkitpro/libctru/lib/libctru.a(fs.o)
                0x000000000010ecac                FSFILE_GetSize
 .text.FSFILE_SetSize
                0x000000000010ece4       0x28 /opt/devkitpro/libctru/lib/libctru.a(fs.o)
                0x000000000010ece4                FSFILE_SetSize
 .text.FSFILE_Close
                0x000000000010ed0c       0x3c /opt/devkitpro/libctru/lib/libctru.a(fs.o)
                0x000000000010ed0c                FSFILE_Close
 .text.FSFILE_Flush
                0x000000000010ed48       0x24 /opt/devkitpro/libctru/lib/libctru.a(fs.o)
                0x000000000010ed48                FSFILE_Flush
 .text.FSDIR_Read
                0x000000000010ed6c       0x50 /opt/devkitpro/libctru/lib/libctru.a(fs.o)
                0x000000000010ed6c                FSDIR_Read
 .text.FSDIR_Close
                0x000000000010edbc       0x3c /opt/devkitpro/libctru/lib/libctru.a(fs.o)
                0x000000000010edbc                FSDIR_Close
 .text.buffer_read
                0x000000000010edf8       0xcc /opt/devkitpro/libctru/lib/libctru.a(decompress.o)
 .text.iov_read
                0x000000000010eec4       0xd0 /opt/devkitpro/libctru/lib/libctru.a(decompress.o)
 .text.iov_memmove
                0x000000000010ef94      0x128 /opt/devkitpro/libctru/lib/libctru.a(decompress.o)
 .text.decompress_rle
                0x000000000010f0bc      0x1d8 /opt/devkitpro/libctru/lib/libctru.a(decompress.o)
 .text.decompress_lzss
                0x000000000010f294      0x258 /opt/devkitpro/libctru/lib/libctru.a(decompress.o)
 .text.decompress_huff.part.0
                0x000000000010f4ec      0x2ec /opt/devkitpro/libctru/lib/libctru.a(decompress.o)
 .text.decompress_lz11
                0x000000000010f7d8      0x440 /opt/devkitpro/libctru/lib/libctru.a(decompress.o)
 .text.decompressHeader
                0x000000000010fc18       0xe4 /opt/devkitpro/libctru/lib/libctru.a(decompress.o)
                0x000000000010fc18                decompressHeader
 .text.decompressV
                0x000000000010fcfc      0x250 /opt/devkitpro/libctru/lib/libctru.a(decompress.o)
                0x000000000010fcfc                decompressV
 .text.rbtree_init
                0x000000000010ff4c       0x10 /opt/devkitpro/libctru/lib/libctru.a(rbtree_init.o)
                0x000000000010ff4c                rbtree_init
 .text.do_insert
                0x000000000010ff5c      0x1a0 /opt/devkitpro/libctru/lib/libctru.a(rbtree_insert.o)
 .text.rbtree_insert
                0x00000000001100fc        0x8 /opt/devkitpro/libctru/lib/libctru.a(rbtree_insert.o)
                0x00000000001100fc                rbtree_insert
 .text.rbtree_rotate
                0x0000000000110104       0x90 /opt/devkitpro/libctru/lib/libctru.a(rbtree_rotate.o)
                0x0000000000110104                rbtree_rotate
 .text.rbtree_remove
                0x0000000000110194      0x338 /opt/devkitpro/libctru/lib/libctru.a(rbtree_remove.o)
                0x0000000000110194                rbtree_remove
 .text.rbtree_find
                0x00000000001104cc       0x74 /opt/devkitpro/libctru/lib/libctru.a(rbtree_find.o)
                0x00000000001104cc                rbtree_find
 .text.utf16_to_utf8
                0x0000000000110540       0xe8 /opt/devkitpro/libctru/lib/libctru.a(utf16_to_utf8.o)
                0x0000000000110540                utf16_to_utf8
 .text.decode_utf16
                0x0000000000110628       0x64 /opt/devkitpro/libctru/lib/libctru.a(decode_utf16.o)
                0x0000000000110628                decode_utf16
 .text.decode_utf8
                0x000000000011068c      0x13c /opt/devkitpro/libctru/lib/libctru.a(decode_utf8.o)
                0x000000000011068c                decode_utf8
 .text.utf8_to_utf16
                0x00000000001107c8       0xc0 /opt/devkitpro/libctru/lib/libctru.a(utf8_to_utf16.o)
                0x00000000001107c8                utf8_to_utf16
 .text.__system_allocateHeaps
                0x0000000000110888      0x1e0 /opt/devkitpro/libctru/lib/libctru.a(allocateHeaps.o)
                0x0000000000110888                __system_allocateHeaps
 .text.__libctru_init
                0x0000000000110a68       0x38 /opt/devkitpro/libctru/lib/libctru.a(ctru_init.o)
                0x0000000000110a68                __libctru_init
 .text.__system_initArgv
                0x0000000000110aa0       0xf0 /opt/devkitpro/libctru/lib/libctru.a(initArgv.o)
                0x0000000000110aa0                __system_initArgv
 .text.svcControlMemory
                0x0000000000110b90       0x20 /opt/devkitpro/libctru/lib/libctru.a(svc.o)
                0x0000000000110b90                svcControlMemory
 .text.svcQueryMemory
                0x0000000000110bb0       0x30 /opt/devkitpro/libctru/lib/libctru.a(svc.o)
                0x0000000000110bb0                svcQueryMemory
 .text.svcExitProcess
                0x0000000000110be0        0x8 /opt/devkitpro/libctru/lib/libctru.a(svc.o)
                0x0000000000110be0                svcExitProcess
 .text.svcCreateThread
                0x0000000000110be8       0x20 /opt/devkitpro/libctru/lib/libctru.a(svc.o)
                0x0000000000110be8                svcCreateThread
 .text.svcExitThread
                0x0000000000110c08        0x8 /opt/devkitpro/libctru/lib/libctru.a(svc.o)
                0x0000000000110c08                svcExitThread
 .text.svcSleepThread
                0x0000000000110c10        0x8 /opt/devkitpro/libctru/lib/libctru.a(svc.o)
                0x0000000000110c10                svcSleepThread
 .text.svcReleaseMutex
                0x0000000000110c18        0x8 /opt/devkitpro/libctru/lib/libctru.a(svc.o)
                0x0000000000110c18                svcReleaseMutex
 .text.svcCreateEvent
                0x0000000000110c20       0x14 /opt/devkitpro/libctru/lib/libctru.a(svc.o)
                0x0000000000110c20                svcCreateEvent
 .text.svcSignalEvent
                0x0000000000110c34        0x8 /opt/devkitpro/libctru/lib/libctru.a(svc.o)
                0x0000000000110c34                svcSignalEvent
 .text.svcClearEvent
                0x0000000000110c3c        0x8 /opt/devkitpro/libctru/lib/libctru.a(svc.o)
                0x0000000000110c3c                svcClearEvent
 .text.svcMapMemoryBlock
                0x0000000000110c44        0x8 /opt/devkitpro/libctru/lib/libctru.a(svc.o)
                0x0000000000110c44                svcMapMemoryBlock
 .text.svcUnmapMemoryBlock
                0x0000000000110c4c        0x8 /opt/devkitpro/libctru/lib/libctru.a(svc.o)
                0x0000000000110c4c                svcUnmapMemoryBlock
 .text.svcCreateAddressArbiter
                0x0000000000110c54       0x14 /opt/devkitpro/libctru/lib/libctru.a(svc.o)
                0x0000000000110c54                svcCreateAddressArbiter
 .text.svcArbitrateAddressNoTimeout
                0x0000000000110c68        0x8 /opt/devkitpro/libctru/lib/libctru.a(svc.o)
                0x0000000000110c68                svcArbitrateAddressNoTimeout
 .text.svcCloseHandle
                0x0000000000110c70        0x8 /opt/devkitpro/libctru/lib/libctru.a(svc.o)
                0x0000000000110c70                svcCloseHandle
 .text.svcWaitSynchronization
                0x0000000000110c78        0x8 /opt/devkitpro/libctru/lib/libctru.a(svc.o)
                0x0000000000110c78                svcWaitSynchronization
 .text.svcWaitSynchronizationN
                0x0000000000110c80       0x28 /opt/devkitpro/libctru/lib/libctru.a(svc.o)
                0x0000000000110c80                svcWaitSynchronizationN
 .text.svcDuplicateHandle
                0x0000000000110ca8       0x14 /opt/devkitpro/libctru/lib/libctru.a(svc.o)
                0x0000000000110ca8                svcDuplicateHandle
 .text.svcGetSystemTick
                0x0000000000110cbc        0x8 /opt/devkitpro/libctru/lib/libctru.a(svc.o)
                0x0000000000110cbc                svcGetSystemTick
 .text.svcConnectToPort
                0x0000000000110cc4       0x14 /opt/devkitpro/libctru/lib/libctru.a(svc.o)
                0x0000000000110cc4                svcConnectToPort
 .text.svcSendSyncRequest
                0x0000000000110cd8        0x8 /opt/devkitpro/libctru/lib/libctru.a(svc.o)
                0x0000000000110cd8                svcSendSyncRequest
 .text.svcGetResourceLimit
                0x0000000000110ce0       0x14 /opt/devkitpro/libctru/lib/libctru.a(svc.o)
                0x0000000000110ce0                svcGetResourceLimit
 .text.svcGetResourceLimitLimitValues
                0x0000000000110cf4        0x8 /opt/devkitpro/libctru/lib/libctru.a(svc.o)
                0x0000000000110cf4                svcGetResourceLimitLimitValues
 .text.svcGetResourceLimitCurrentValues
                0x0000000000110cfc        0x8 /opt/devkitpro/libctru/lib/libctru.a(svc.o)
                0x0000000000110cfc                svcGetResourceLimitCurrentValues
 .text.svcBreak
                0x0000000000110d04        0x8 /opt/devkitpro/libctru/lib/libctru.a(svc.o)
                0x0000000000110d04                svcBreak
 .text.initSystem
                0x0000000000110d0c       0x50 /opt/devkitpro/libctru/lib/libctru.a(stack_adjust.o)
                0x0000000000110d0c                initSystem
 .text.__ctru_exit
                0x0000000000110d5c       0x18 /opt/devkitpro/libctru/lib/libctru.a(stack_adjust.o)
                0x0000000000110d5c                __ctru_exit
 .text.__aeabi_read_tp
                0x0000000000110d74        0xc /opt/devkitpro/libctru/lib/libctru.a(readtp.o)
                0x0000000000110d74                __aeabi_read_tp
 .text.__sync_init
                0x0000000000110d80        0xc /opt/devkitpro/libctru/lib/libctru.a(synchronization.o)
                0x0000000000110d80                __sync_init
 .text.__sync_fini
                0x0000000000110d8c       0x18 /opt/devkitpro/libctru/lib/libctru.a(synchronization.o)
                0x0000000000110d8c                __sync_fini
 .text.syncArbitrateAddress
                0x0000000000110da4       0x2c /opt/devkitpro/libctru/lib/libctru.a(synchronization.o)
                0x0000000000110da4                syncArbitrateAddress
 .text.LightLock_Init
                0x0000000000110dd0       0x1c /opt/devkitpro/libctru/lib/libctru.a(synchronization.o)
                0x0000000000110dd0                LightLock_Init
 .text.LightLock_Lock
                0x0000000000110dec       0x94 /opt/devkitpro/libctru/lib/libctru.a(synchronization.o)
                0x0000000000110dec                LightLock_Lock
 .text.LightLock_TryLock
                0x0000000000110e80       0x44 /opt/devkitpro/libctru/lib/libctru.a(synchronization.o)
                0x0000000000110e80                LightLock_TryLock
 .text.LightLock_Unlock
                0x0000000000110ec4       0x40 /opt/devkitpro/libctru/lib/libctru.a(synchronization.o)
                0x0000000000110ec4                LightLock_Unlock
 .text.RecursiveLock_Init
                0x0000000000110f04       0x24 /opt/devkitpro/libctru/lib/libctru.a(synchronization.o)
                0x0000000000110f04                RecursiveLock_Init
 .text.RecursiveLock_Lock
                0x0000000000110f28       0x30 /opt/devkitpro/libctru/lib/libctru.a(synchronization.o)
                0x0000000000110f28                RecursiveLock_Lock
 .text.RecursiveLock_TryLock
                0x0000000000110f58       0x78 /opt/devkitpro/libctru/lib/libctru.a(synchronization.o)
                0x0000000000110f58                RecursiveLock_TryLock
 .text.RecursiveLock_Unlock
                0x0000000000110fd0       0x54 /opt/devkitpro/libctru/lib/libctru.a(synchronization.o)
                0x0000000000110fd0                RecursiveLock_Unlock
 .text.LightEvent_Init
                0x0000000000111024       0x40 /opt/devkitpro/libctru/lib/libctru.a(synchronization.o)
                0x0000000000111024                LightEvent_Init
 .text.LightEvent_Clear
                0x0000000000111064       0xa4 /opt/devkitpro/libctru/lib/libctru.a(synchronization.o)
                0x0000000000111064                LightEvent_Clear
 .text.LightEvent_Signal
                0x0000000000111108       0xc8 /opt/devkitpro/libctru/lib/libctru.a(synchronization.o)
                0x0000000000111108                LightEvent_Signal
 .text.LightEvent_TryWait
                0x00000000001111d0       0x58 /opt/devkitpro/libctru/lib/libctru.a(synchronization.o)
                0x00000000001111d0                LightEvent_TryWait
 .text.LightEvent_Wait
                0x0000000000111228       0xb0 /opt/devkitpro/libctru/lib/libctru.a(synchronization.o)
                0x0000000000111228                LightEvent_Wait
 .text.envGetHandle
                0x00000000001112d8       0x84 /opt/devkitpro/libctru/lib/libctru.a(env.o)
                0x00000000001112d8                envGetHandle
 .text.envDestroyHandles
                0x000000000011135c       0x50 /opt/devkitpro/libctru/lib/libctru.a(env.o)
                0x000000000011135c                envDestroyHandles
 .text.srvInit  0x00000000001113ac      0x124 /opt/devkitpro/libctru/lib/libctru.a(srv.o)
                0x00000000001113ac                srvInit
 .text.srvExit  0x00000000001114d0       0x58 /opt/devkitpro/libctru/lib/libctru.a(srv.o)
                0x00000000001114d0                srvExit
 .text.srvGetServiceHandleDirect
                0x0000000000111528       0x80 /opt/devkitpro/libctru/lib/libctru.a(srv.o)
                0x0000000000111528                srvGetServiceHandleDirect
 .text.srvGetServiceHandle
                0x00000000001115a8       0x48 /opt/devkitpro/libctru/lib/libctru.a(srv.o)
                0x00000000001115a8                srvGetServiceHandle
 .text.srvPublishToSubscriber
                0x00000000001115f0       0x38 /opt/devkitpro/libctru/lib/libctru.a(srv.o)
                0x00000000001115f0                srvPublishToSubscriber
 .text.threadCreate
                0x0000000000111628      0x188 /opt/devkitpro/libctru/lib/libctru.a(thread.o)
                0x0000000000111628                threadCreate
 .text.threadFree
                0x00000000001117b0       0x2c /opt/devkitpro/libctru/lib/libctru.a(thread.o)
                0x00000000001117b0                threadFree
 .text.threadJoin
                0x00000000001117dc       0x24 /opt/devkitpro/libctru/lib/libctru.a(thread.o)
                0x00000000001117dc                threadJoin
 .text.threadGetCurrent
                0x0000000000111800       0x30 /opt/devkitpro/libctru/lib/libctru.a(thread.o)
                0x0000000000111800                threadGetCurrent
 .text.threadExit
                0x0000000000111830       0x40 /opt/devkitpro/libctru/lib/libctru.a(thread.o)
                0x0000000000111830                threadExit
 .text._thread_begin
                0x0000000000111870       0x44 /opt/devkitpro/libctru/lib/libctru.a(thread.o)
 .text.mappableFindAddressWithin
                0x00000000001118b4       0x94 /opt/devkitpro/libctru/lib/libctru.a(mappable.o)
 .text.mappableInit
                0x0000000000111948       0x28 /opt/devkitpro/libctru/lib/libctru.a(mappable.o)
                0x0000000000111948                mappableInit
 .text.mappableAlloc
                0x0000000000111970       0x80 /opt/devkitpro/libctru/lib/libctru.a(mappable.o)
                0x0000000000111970                mappableAlloc
 .text.mappableFree
                0x00000000001119f0        0x4 /opt/devkitpro/libctru/lib/libctru.a(mappable.o)
                0x00000000001119f0                mappableFree
 .text.irrstInit
                0x00000000001119f4      0x160 /opt/devkitpro/libctru/lib/libctru.a(irrst.o)
                0x00000000001119f4                irrstInit
 .text.irrstExit
                0x0000000000111b54       0xcc /opt/devkitpro/libctru/lib/libctru.a(irrst.o)
                0x0000000000111b54                irrstExit
 .text.irrstScanInput
                0x0000000000111c20       0xb0 /opt/devkitpro/libctru/lib/libctru.a(irrst.o)
                0x0000000000111c20                irrstScanInput
 .text.irrstKeysHeld
                0x0000000000111cd0       0x24 /opt/devkitpro/libctru/lib/libctru.a(irrst.o)
                0x0000000000111cd0                irrstKeysHeld
 .text.srvPmGetSessionHandle
                0x0000000000111cf4        0xc /opt/devkitpro/libctru/lib/libctru.a(srvpm.o)
                0x0000000000111cf4                srvPmGetSessionHandle
 .text.rbtree_node_next
                0x0000000000111d00       0x50 /opt/devkitpro/libctru/lib/libctru.a(rbtree_iterator.o)
                0x0000000000111d00                rbtree_node_next
 .text.encode_utf16
                0x0000000000111d50       0x60 /opt/devkitpro/libctru/lib/libctru.a(encode_utf16.o)
                0x0000000000111d50                encode_utf16
 .text.encode_utf8
                0x0000000000111db0       0xfc /opt/devkitpro/libctru/lib/libctru.a(encode_utf8.o)
                0x0000000000111db0                encode_utf8
 .text.__appInit
                0x0000000000111eac       0x30 /opt/devkitpro/libctru/lib/libctru.a(appInit.o)
                0x0000000000111eac                __appInit
 .text.__libctru_nanosleep
                0x0000000000111edc       0x30 /opt/devkitpro/libctru/lib/libctru.a(syscalls.o)
 .text.__libctru_get_reent
                0x0000000000111f0c       0x30 /opt/devkitpro/libctru/lib/libctru.a(syscalls.o)
 .text.__system_initSyscalls
                0x0000000000111f3c       0xf8 /opt/devkitpro/libctru/lib/libctru.a(syscalls.o)
                0x0000000000111f3c                __system_initSyscalls
 .text.__appExit
                0x0000000000112034       0x30 /opt/devkitpro/libctru/lib/libctru.a(appExit.o)
                0x0000000000112034                __appExit
 .text.__libctru_exit
                0x0000000000112064       0x90 /opt/devkitpro/libctru/lib/libctru.a(ctru_exit.o)
                0x0000000000112064                __libctru_exit
 .text.archive_link
                0x00000000001120f4       0x14 /opt/devkitpro/libctru/lib/libctru.a(archive_dev.o)
 .text.archive_dirreset
                0x0000000000112108       0x14 /opt/devkitpro/libctru/lib/libctru.a(archive_dev.o)
 .text.archive_chmod
                0x000000000011211c       0x14 /opt/devkitpro/libctru/lib/libctru.a(archive_dev.o)
 .text.error_cmp
                0x0000000000112130       0x24 /opt/devkitpro/libctru/lib/libctru.a(archive_dev.o)
 .text.archive_translate_error
                0x0000000000112154       0x50 /opt/devkitpro/libctru/lib/libctru.a(archive_dev.o)
 .text.archive_seek
                0x00000000001121a4       0xd4 /opt/devkitpro/libctru/lib/libctru.a(archive_dev.o)
 .text._archiveInit.part.0
                0x0000000000112278       0x7c /opt/devkitpro/libctru/lib/libctru.a(archive_dev.o)
 .text.archiveFindDevice.part.0
                0x00000000001122f4       0x8c /opt/devkitpro/libctru/lib/libctru.a(archive_dev.o)
 .text.archive_utf16path
                0x0000000000112380      0x294 /opt/devkitpro/libctru/lib/libctru.a(archive_dev.o)
 .text._archiveUnmountDeviceStruct.part.0
                0x0000000000112614       0xa0 /opt/devkitpro/libctru/lib/libctru.a(archive_dev.o)
 .text.archive_fchmod
                0x00000000001126b4       0x14 /opt/devkitpro/libctru/lib/libctru.a(archive_dev.o)
 .text.archive_statvfs
                0x00000000001126c8       0x14 /opt/devkitpro/libctru/lib/libctru.a(archive_dev.o)
 .text._archiveMountDevice
                0x00000000001126dc      0x158 /opt/devkitpro/libctru/lib/libctru.a(archive_dev.o)
 .text.archive_diropen
                0x0000000000112834       0xe8 /opt/devkitpro/libctru/lib/libctru.a(archive_dev.o)
 .text.archive_fstat
                0x000000000011291c       0xa4 /opt/devkitpro/libctru/lib/libctru.a(archive_dev.o)
 .text.archive_close
                0x00000000001129c0       0x6c /opt/devkitpro/libctru/lib/libctru.a(archive_dev.o)
 .text.archive_fsync
                0x0000000000112a2c       0x6c /opt/devkitpro/libctru/lib/libctru.a(archive_dev.o)
 .text.archive_dirclose
                0x0000000000112a98       0x70 /opt/devkitpro/libctru/lib/libctru.a(archive_dev.o)
 .text.sdmc_statvfs
                0x0000000000112b08       0xe8 /opt/devkitpro/libctru/lib/libctru.a(archive_dev.o)
 .text.archive_ftruncate
                0x0000000000112bf0       0x80 /opt/devkitpro/libctru/lib/libctru.a(archive_dev.o)
 .text.archive_chdir
                0x0000000000112c70       0xfc /opt/devkitpro/libctru/lib/libctru.a(archive_dev.o)
 .text.archive_read
                0x0000000000112d6c       0xb0 /opt/devkitpro/libctru/lib/libctru.a(archive_dev.o)
 .text.archive_unlink
                0x0000000000112e1c       0xac /opt/devkitpro/libctru/lib/libctru.a(archive_dev.o)
 .text.archive_rmdir
                0x0000000000112ec8       0xc8 /opt/devkitpro/libctru/lib/libctru.a(archive_dev.o)
 .text.archive_mkdir
                0x0000000000112f90       0xec /opt/devkitpro/libctru/lib/libctru.a(archive_dev.o)
 .text.archive_stat
                0x000000000011307c      0x1a8 /opt/devkitpro/libctru/lib/libctru.a(archive_dev.o)
 .text.archive_rename
                0x0000000000113224      0x184 /opt/devkitpro/libctru/lib/libctru.a(archive_dev.o)
 .text.archive_dirnext
                0x00000000001133a8      0x168 /opt/devkitpro/libctru/lib/libctru.a(archive_dev.o)
 .text.archive_write
                0x0000000000113510      0x12c /opt/devkitpro/libctru/lib/libctru.a(archive_dev.o)
 .text.archive_open
                0x000000000011363c      0x1f0 /opt/devkitpro/libctru/lib/libctru.a(archive_dev.o)
 .text.archiveMountSdmc
                0x000000000011382c      0x1a4 /opt/devkitpro/libctru/lib/libctru.a(archive_dev.o)
                0x000000000011382c                archiveMountSdmc
 .text.archiveUnmountAll
                0x00000000001139d0       0x54 /opt/devkitpro/libctru/lib/libctru.a(archive_dev.o)
                0x00000000001139d0                archiveUnmountAll
 *fill*         0x0000000000113a24        0x4 
 .text.cosf     0x0000000000113a28      0x22c /opt/devkitpro/devkitARM/bin/../lib/gcc/arm-none-eabi/10.2.0/../../../../arm-none-eabi/lib/armv6k/fpu/libm.a(lib_a-cosf.o)
                0x0000000000113a28                cosf
 .text.with_errnof
                0x0000000000113c54       0x24 /opt/devkitpro/devkitARM/bin/../lib/gcc/arm-none-eabi/10.2.0/../../../../arm-none-eabi/lib/armv6k/fpu/libm.a(lib_a-math_errf.o)
 .text.__math_invalidf
                0x0000000000113c78       0x1c /opt/devkitpro/devkitARM/bin/../lib/gcc/arm-none-eabi/10.2.0/../../../../arm-none-eabi/lib/armv6k/fpu/libm.a(lib_a-math_errf.o)
                0x0000000000113c78                __math_invalidf
 *fill*         0x0000000000113c94        0x4 
 .text.ceil     0x0000000000113c98      0x15c /opt/devkitpro/devkitARM/bin/../lib/gcc/arm-none-eabi/10.2.0/../../../../arm-none-eabi/lib/armv6k/fpu/libm.a(lib_a-s_ceil.o)
                0x0000000000113c98                ceil
 .text.ceilf    0x0000000000113df4       0xb4 /opt/devkitpro/devkitARM/bin/../lib/gcc/arm-none-eabi/10.2.0/../../../../arm-none-eabi/lib/armv6k/fpu/libm.a(lib_a-sf_ceil.o)
                0x0000000000113df4                ceilf
 .text.tanf     0x0000000000113ea8       0x70 /opt/devkitpro/devkitARM/bin/../lib/gcc/arm-none-eabi/10.2.0/../../../../arm-none-eabi/lib/armv6k/fpu/libm.a(lib_a-sf_tan.o)
                0x0000000000113ea8                tanf
 .text.sinf     0x0000000000113f18      0x274 /opt/devkitpro/devkitARM/bin/../lib/gcc/arm-none-eabi/10.2.0/../../../../arm-none-eabi/lib/armv6k/fpu/libm.a(lib_a-sinf.o)
                0x0000000000113f18                sinf
 *fill*         0x000000000011418c        0x4 
 .text.sin      0x0000000000114190       0xc8 /opt/devkitpro/devkitARM/bin/../lib/gcc/arm-none-eabi/10.2.0/../../../../arm-none-eabi/lib/armv6k/fpu/libm.a(lib_a-s_sin.o)
                0x0000000000114190                sin
 .text.fmod     0x0000000000114258       0x84 /opt/devkitpro/devkitARM/bin/../lib/gcc/arm-none-eabi/10.2.0/../../../../arm-none-eabi/lib/armv6k/fpu/libm.a(lib_a-w_fmod.o)
                0x0000000000114258                fmod
 .text.__ieee754_fmod
                0x00000000001142dc      0x3b4 /opt/devkitpro/devkitARM/bin/../lib/gcc/arm-none-eabi/10.2.0/../../../../arm-none-eabi/lib/armv6k/fpu/libm.a(lib_a-e_fmod.o)
                0x00000000001142dc                __ieee754_fmod
 .text.__ieee754_rem_pio2f
                0x0000000000114690      0x2f0 /opt/devkitpro/devkitARM/bin/../lib/gcc/arm-none-eabi/10.2.0/../../../../arm-none-eabi/lib/armv6k/fpu/libm.a(lib_a-ef_rem_pio2.o)
                0x0000000000114690                __ieee754_rem_pio2f
 .text.__ieee754_rem_pio2
                0x0000000000114980      0x328 /opt/devkitpro/devkitARM/bin/../lib/gcc/arm-none-eabi/10.2.0/../../../../arm-none-eabi/lib/armv6k/fpu/libm.a(lib_a-e_rem_pio2.o)
                0x0000000000114980                __ieee754_rem_pio2
 .text.__kernel_cos
                0x0000000000114ca8      0x158 /opt/devkitpro/devkitARM/bin/../lib/gcc/arm-none-eabi/10.2.0/../../../../arm-none-eabi/lib/armv6k/fpu/libm.a(lib_a-k_cos.o)
                0x0000000000114ca8                __kernel_cos
 .text.__kernel_rem_pio2f
                0x0000000000114e00      0x868 /opt/devkitpro/devkitARM/bin/../lib/gcc/arm-none-eabi/10.2.0/../../../../arm-none-eabi/lib/armv6k/fpu/libm.a(lib_a-kf_rem_pio2.o)
                0x0000000000114e00                __kernel_rem_pio2f
 .text.__kernel_tanf
                0x0000000000115668      0x208 /opt/devkitpro/devkitARM/bin/../lib/gcc/arm-none-eabi/10.2.0/../../../../arm-none-eabi/lib/armv6k/fpu/libm.a(lib_a-kf_tan.o)
                0x0000000000115668                __kernel_tanf
 .text.__kernel_rem_pio2
                0x0000000000115870      0x88c /opt/devkitpro/devkitARM/bin/../lib/gcc/arm-none-eabi/10.2.0/../../../../arm-none-eabi/lib/armv6k/fpu/libm.a(lib_a-k_rem_pio2.o)
                0x0000000000115870                __kernel_rem_pio2
 *fill*         0x00000000001160fc        0x4 
 .text.__kernel_sin
                0x0000000000116100       0xc0 /opt/devkitpro/devkitARM/bin/../lib/gcc/arm-none-eabi/10.2.0/../../../../arm-none-eabi/lib/armv6k/fpu/libm.a(lib_a-k_sin.o)
                0x0000000000116100                __kernel_sin
 .text.fabs     0x00000000001161c0       0x14 /opt/devkitpro/devkitARM/bin/../lib/gcc/arm-none-eabi/10.2.0/../../../../arm-none-eabi/lib/armv6k/fpu/libm.a(lib_a-s_fabs.o)
                0x00000000001161c0                fabs
 .text.fabsf    0x00000000001161d4       0x10 /opt/devkitpro/devkitARM/bin/../lib/gcc/arm-none-eabi/10.2.0/../../../../arm-none-eabi/lib/armv6k/fpu/libm.a(lib_a-sf_fabs.o)
                0x00000000001161d4                fabsf
 .text.floorf   0x00000000001161e4       0xb4 /opt/devkitpro/devkitARM/bin/../lib/gcc/arm-none-eabi/10.2.0/../../../../arm-none-eabi/lib/armv6k/fpu/libm.a(lib_a-sf_floor.o)
                0x00000000001161e4                floorf
 .text.floor    0x0000000000116298      0x164 /opt/devkitpro/devkitARM/bin/../lib/gcc/arm-none-eabi/10.2.0/../../../../arm-none-eabi/lib/armv6k/fpu/libm.a(lib_a-s_floor.o)
                0x0000000000116298                floor
 .text.scalbnf  0x00000000001163fc      0x154 /opt/devkitpro/devkitARM/bin/../lib/gcc/arm-none-eabi/10.2.0/../../../../arm-none-eabi/lib/armv6k/fpu/libm.a(lib_a-sf_scalbn.o)
                0x00000000001163fc                scalbnf
 .text.scalbn   0x0000000000116550      0x138 /opt/devkitpro/devkitARM/bin/../lib/gcc/arm-none-eabi/10.2.0/../../../../arm-none-eabi/lib/armv6k/fpu/libm.a(lib_a-s_scalbn.o)
                0x0000000000116550                scalbn
 .text.__udivmoddi4
                0x0000000000116688      0x120 /opt/devkitpro/devkitARM/bin/../lib/gcc/arm-none-eabi/10.2.0/armv6k/fpu/libgcc.a(_udivmoddi4.o)
                0x0000000000116688                __udivmoddi4
 .text.bsearch  0x00000000001167a8       0x78 /opt/devkitpro/devkitARM/bin/../lib/gcc/arm-none-eabi/10.2.0/../../../../arm-none-eabi/lib/armv6k/fpu/libg.a(lib_a-bsearch.o)
                0x00000000001167a8                bsearch
 .text.calloc   0x0000000000116820       0x28 /opt/devkitpro/devkitARM/bin/../lib/gcc/arm-none-eabi/10.2.0/../../../../arm-none-eabi/lib/armv6k/fpu/libg.a(lib_a-calloc.o)
                0x0000000000116820                calloc
 .text._calloc_r
                0x0000000000116848       0x94 /opt/devkitpro/devkitARM/bin/../lib/gcc/arm-none-eabi/10.2.0/../../../../arm-none-eabi/lib/armv6k/fpu/libg.a(lib_a-callocr.o)
                0x0000000000116848                _calloc_r
 .text.__errno  0x00000000001168dc        0xc /opt/devkitpro/devkitARM/bin/../lib/gcc/arm-none-eabi/10.2.0/../../../../arm-none-eabi/lib/armv6k/fpu/libg.a(lib_a-errno.o)
                0x00000000001168dc                __errno
 .text.exit     0x00000000001168e8       0x34 /opt/devkitpro/devkitARM/bin/../lib/gcc/arm-none-eabi/10.2.0/../../../../arm-none-eabi/lib/armv6k/fpu/libg.a(lib_a-exit.o)
                0x00000000001168e8                exit
 .text._fclose_r
                0x000000000011691c      0x160 /opt/devkitpro/devkitARM/bin/../lib/gcc/arm-none-eabi/10.2.0/../../../../arm-none-eabi/lib/armv6k/fpu/libg.a(lib_a-fclose.o)
                0x000000000011691c                _fclose_r
 .text.__sflush_r
                0x0000000000116a7c      0x258 /opt/devkitpro/devkitARM/bin/../lib/gcc/arm-none-eabi/10.2.0/../../../../arm-none-eabi/lib/armv6k/fpu/libg.a(lib_a-fflush.o)
                0x0000000000116a7c                __sflush_r
 .text._fflush_r
                0x0000000000116cd4       0x94 /opt/devkitpro/devkitARM/bin/../lib/gcc/arm-none-eabi/10.2.0/../../../../arm-none-eabi/lib/armv6k/fpu/libg.a(lib_a-fflush.o)
                0x0000000000116cd4                _fflush_r
 .text._cleanup_r
                0x0000000000116d68        0xc /opt/devkitpro/devkitARM/bin/../lib/gcc/arm-none-eabi/10.2.0/../../../../arm-none-eabi/lib/armv6k/fpu/libg.a(lib_a-findfp.o)
                0x0000000000116d68                _cleanup_r
 .text.__sinit  0x0000000000116d74      0x184 /opt/devkitpro/devkitARM/bin/../lib/gcc/arm-none-eabi/10.2.0/../../../../arm-none-eabi/lib/armv6k/fpu/libg.a(lib_a-findfp.o)
                0x0000000000116d74                __sinit
 .text.__sfp_lock_acquire
                0x0000000000116ef8        0xc /opt/devkitpro/devkitARM/bin/../lib/gcc/arm-none-eabi/10.2.0/../../../../arm-none-eabi/lib/armv6k/fpu/libg.a(lib_a-findfp.o)
                0x0000000000116ef8                __sfp_lock_acquire
 .text.__sfp_lock_release
                0x0000000000116f04        0xc /opt/devkitpro/devkitARM/bin/../lib/gcc/arm-none-eabi/10.2.0/../../../../arm-none-eabi/lib/armv6k/fpu/libg.a(lib_a-findfp.o)
                0x0000000000116f04                __sfp_lock_release
 .text.__libc_fini_array
                0x0000000000116f10       0x3c /opt/devkitpro/devkitARM/bin/../lib/gcc/arm-none-eabi/10.2.0/../../../../arm-none-eabi/lib/armv6k/fpu/libg.a(lib_a-fini.o)
                0x0000000000116f10                __libc_fini_array
 .text._malloc_trim_r
                0x0000000000116f4c       0xf8 /opt/devkitpro/devkitARM/bin/../lib/gcc/arm-none-eabi/10.2.0/../../../../arm-none-eabi/lib/armv6k/fpu/libg.a(lib_a-freer.o)
                0x0000000000116f4c                _malloc_trim_r
 .text._free_r  0x0000000000117044      0x2e4 /opt/devkitpro/devkitARM/bin/../lib/gcc/arm-none-eabi/10.2.0/../../../../arm-none-eabi/lib/armv6k/fpu/libg.a(lib_a-freer.o)
                0x0000000000117044                _free_r
 .text._fwalk_reent
                0x0000000000117328       0x70 /opt/devkitpro/devkitARM/bin/../lib/gcc/arm-none-eabi/10.2.0/../../../../arm-none-eabi/lib/armv6k/fpu/libg.a(lib_a-fwalk.o)
                0x0000000000117328                _fwalk_reent
 .text.__libc_init_array
                0x0000000000117398       0x7c /opt/devkitpro/devkitARM/bin/../lib/gcc/arm-none-eabi/10.2.0/../../../../arm-none-eabi/lib/armv6k/fpu/libg.a(lib_a-init.o)
                0x0000000000117398                __libc_init_array
 .text.__smakebuf_r
                0x0000000000117414      0x138 /opt/devkitpro/devkitARM/bin/../lib/gcc/arm-none-eabi/10.2.0/../../../../arm-none-eabi/lib/armv6k/fpu/libg.a(lib_a-makebuf.o)
                0x0000000000117414                __smakebuf_r
 .text.memalign
                0x000000000011754c       0x28 /opt/devkitpro/devkitARM/bin/../lib/gcc/arm-none-eabi/10.2.0/../../../../arm-none-eabi/lib/armv6k/fpu/libg.a(lib_a-malign.o)
                0x000000000011754c                memalign
 .text._memalign_r
                0x0000000000117574      0x148 /opt/devkitpro/devkitARM/bin/../lib/gcc/arm-none-eabi/10.2.0/../../../../arm-none-eabi/lib/armv6k/fpu/libg.a(lib_a-malignr.o)
                0x0000000000117574                _memalign_r
 .text.malloc   0x00000000001176bc       0x20 /opt/devkitpro/devkitARM/bin/../lib/gcc/arm-none-eabi/10.2.0/../../../../arm-none-eabi/lib/armv6k/fpu/libg.a(lib_a-malloc.o)
                0x00000000001176bc                malloc
 .text.free     0x00000000001176dc       0x20 /opt/devkitpro/devkitARM/bin/../lib/gcc/arm-none-eabi/10.2.0/../../../../arm-none-eabi/lib/armv6k/fpu/libg.a(lib_a-malloc.o)
                0x00000000001176dc                free
 .text._malloc_r
                0x00000000001176fc      0x7f0 /opt/devkitpro/devkitARM/bin/../lib/gcc/arm-none-eabi/10.2.0/../../../../arm-none-eabi/lib/armv6k/fpu/libg.a(lib_a-mallocr.o)
                0x00000000001176fc                _malloc_r
 .text.memcpy   0x0000000000117eec      0x11c /opt/devkitpro/devkitARM/bin/../lib/gcc/arm-none-eabi/10.2.0/../../../../arm-none-eabi/lib/armv6k/fpu/libg.a(lib_a-memcpy-stub.o)
                0x0000000000117eec                memcpy
 .text.memset   0x0000000000118008      0x118 /opt/devkitpro/devkitARM/bin/../lib/gcc/arm-none-eabi/10.2.0/../../../../arm-none-eabi/lib/armv6k/fpu/libg.a(lib_a-memset.o)
                0x0000000000118008                memset
 .text.__malloc_lock
                0x0000000000118120        0xc /opt/devkitpro/devkitARM/bin/../lib/gcc/arm-none-eabi/10.2.0/../../../../arm-none-eabi/lib/armv6k/fpu/libg.a(lib_a-mlock.o)
                0x0000000000118120                __malloc_lock
 .text.__malloc_unlock
                0x000000000011812c        0xc /opt/devkitpro/devkitARM/bin/../lib/gcc/arm-none-eabi/10.2.0/../../../../arm-none-eabi/lib/armv6k/fpu/libg.a(lib_a-mlock.o)
                0x000000000011812c                __malloc_unlock
 .text.qsort    0x0000000000118138      0x958 /opt/devkitpro/devkitARM/bin/../lib/gcc/arm-none-eabi/10.2.0/../../../../arm-none-eabi/lib/armv6k/fpu/libg.a(lib_a-qsort.o)
                0x0000000000118138                qsort
 .text._realloc_r
                0x0000000000118a90      0x598 /opt/devkitpro/devkitARM/bin/../lib/gcc/arm-none-eabi/10.2.0/../../../../arm-none-eabi/lib/armv6k/fpu/libg.a(lib_a-reallocr.o)
                0x0000000000118a90                _realloc_r
 .text.snprintf
                0x0000000000119028       0xcc /opt/devkitpro/devkitARM/bin/../lib/gcc/arm-none-eabi/10.2.0/../../../../arm-none-eabi/lib/armv6k/fpu/libg.a(lib_a-snprintf.o)
                0x0000000000119028                snprintf
 .text.__sread  0x00000000001190f4       0x44 /opt/devkitpro/devkitARM/bin/../lib/gcc/arm-none-eabi/10.2.0/../../../../arm-none-eabi/lib/armv6k/fpu/libg.a(lib_a-stdio.o)
                0x00000000001190f4                __sread
 .text.__swrite
                0x0000000000119138       0x68 /opt/devkitpro/devkitARM/bin/../lib/gcc/arm-none-eabi/10.2.0/../../../../arm-none-eabi/lib/armv6k/fpu/libg.a(lib_a-stdio.o)
                0x0000000000119138                __swrite
 .text.__sseek  0x00000000001191a0       0x48 /opt/devkitpro/devkitARM/bin/../lib/gcc/arm-none-eabi/10.2.0/../../../../arm-none-eabi/lib/armv6k/fpu/libg.a(lib_a-stdio.o)
                0x00000000001191a0                __sseek
 .text.__sclose
                0x00000000001191e8        0x8 /opt/devkitpro/devkitARM/bin/../lib/gcc/arm-none-eabi/10.2.0/../../../../arm-none-eabi/lib/armv6k/fpu/libg.a(lib_a-stdio.o)
                0x00000000001191e8                __sclose
 .text.strchr   0x00000000001191f0      0x144 /opt/devkitpro/devkitARM/bin/../lib/gcc/arm-none-eabi/10.2.0/../../../../arm-none-eabi/lib/armv6k/fpu/libg.a(lib_a-strchr.o)
                0x00000000001191f0                strchr
 .text.strlen   0x0000000000119334       0x5c /opt/devkitpro/devkitARM/bin/../lib/gcc/arm-none-eabi/10.2.0/../../../../arm-none-eabi/lib/armv6k/fpu/libg.a(lib_a-strlen-stub.o)
                0x0000000000119334                strlen
 .text.strncat  0x0000000000119390       0xec /opt/devkitpro/devkitARM/bin/../lib/gcc/arm-none-eabi/10.2.0/../../../../arm-none-eabi/lib/armv6k/fpu/libg.a(lib_a-strncat.o)
                0x0000000000119390                strncat
 .text.strncmp  0x000000000011947c       0xdc /opt/devkitpro/devkitARM/bin/../lib/gcc/arm-none-eabi/10.2.0/../../../../arm-none-eabi/lib/armv6k/fpu/libg.a(lib_a-strncmp.o)
                0x000000000011947c                strncmp
 .text.strncpy  0x0000000000119558       0xc0 /opt/devkitpro/devkitARM/bin/../lib/gcc/arm-none-eabi/10.2.0/../../../../arm-none-eabi/lib/armv6k/fpu/libg.a(lib_a-strncpy.o)
                0x0000000000119558                strncpy
 .text.strnlen  0x0000000000119618       0x48 /opt/devkitpro/devkitARM/bin/../lib/gcc/arm-none-eabi/10.2.0/../../../../arm-none-eabi/lib/armv6k/fpu/libg.a(lib_a-strnlen.o)
                0x0000000000119618                strnlen
 .text.get_arg  0x0000000000119660      0x64c /opt/devkitpro/devkitARM/bin/../lib/gcc/arm-none-eabi/10.2.0/../../../../arm-none-eabi/lib/armv6k/fpu/libg.a(lib_a-svfprintf.o)
 *fill*         0x0000000000119cac        0x4 
 .text._svfprintf_r
                0x0000000000119cb0     0x3808 /opt/devkitpro/devkitARM/bin/../lib/gcc/arm-none-eabi/10.2.0/../../../../arm-none-eabi/lib/armv6k/fpu/libg.a(lib_a-svfprintf.o)
                0x0000000000119cb0                _svfprintf_r
 .text._wcrtomb_r
                0x000000000011d4b8       0x54 /opt/devkitpro/devkitARM/bin/../lib/gcc/arm-none-eabi/10.2.0/../../../../arm-none-eabi/lib/armv6k/fpu/libg.a(lib_a-wcrtomb.o)
                0x000000000011d4b8                _wcrtomb_r
 .text._wcsrtombs_r
                0x000000000011d50c       0x28 /opt/devkitpro/devkitARM/bin/../lib/gcc/arm-none-eabi/10.2.0/../../../../arm-none-eabi/lib/armv6k/fpu/libg.a(lib_a-wcsrtombs.o)
                0x000000000011d50c                _wcsrtombs_r
 .text.__call_exitprocs
                0x000000000011d534      0x114 /opt/devkitpro/devkitARM/bin/../lib/gcc/arm-none-eabi/10.2.0/../../../../arm-none-eabi/lib/armv6k/fpu/libg.a(lib_a-__call_atexit.o)
                0x000000000011d534                __call_exitprocs
 .text.quorem   0x000000000011d648      0x1a8 /opt/devkitpro/devkitARM/bin/../lib/gcc/arm-none-eabi/10.2.0/../../../../arm-none-eabi/lib/armv6k/fpu/libg.a(lib_a-dtoa.o)
 .text._dtoa_r  0x000000000011d7f0     0x12ec /opt/devkitpro/devkitARM/bin/../lib/gcc/arm-none-eabi/10.2.0/../../../../arm-none-eabi/lib/armv6k/fpu/libg.a(lib_a-dtoa.o)
                0x000000000011d7f0                _dtoa_r
 .text._localeconv_r
                0x000000000011eadc        0xc /opt/devkitpro/devkitARM/bin/../lib/gcc/arm-none-eabi/10.2.0/../../../../arm-none-eabi/lib/armv6k/fpu/libg.a(lib_a-localeconv.o)
                0x000000000011eadc                _localeconv_r
 .text.__locale_mb_cur_max
                0x000000000011eae8       0x10 /opt/devkitpro/devkitARM/bin/../lib/gcc/arm-none-eabi/10.2.0/../../../../arm-none-eabi/lib/armv6k/fpu/libg.a(lib_a-locale.o)
                0x000000000011eae8                __locale_mb_cur_max
 .text.__utf8_mbtowc
                0x000000000011eaf8      0x2fc /opt/devkitpro/devkitARM/bin/../lib/gcc/arm-none-eabi/10.2.0/../../../../arm-none-eabi/lib/armv6k/fpu/libg.a(lib_a-mbtowc_r.o)
                0x000000000011eaf8                __utf8_mbtowc
 .text.memchr   0x000000000011edf4       0xe0 /opt/devkitpro/devkitARM/bin/../lib/gcc/arm-none-eabi/10.2.0/../../../../arm-none-eabi/lib/armv6k/fpu/libg.a(lib_a-memchr-stub.o)
                0x000000000011edf4                memchr
 .text.memmove  0x000000000011eed4      0x154 /opt/devkitpro/devkitARM/bin/../lib/gcc/arm-none-eabi/10.2.0/../../../../arm-none-eabi/lib/armv6k/fpu/libg.a(lib_a-memmove.o)
                0x000000000011eed4                memmove
 .text._Balloc  0x000000000011f028       0x88 /opt/devkitpro/devkitARM/bin/../lib/gcc/arm-none-eabi/10.2.0/../../../../arm-none-eabi/lib/armv6k/fpu/libg.a(lib_a-mprec.o)
                0x000000000011f028                _Balloc
 .text._Bfree   0x000000000011f0b0       0x1c /opt/devkitpro/devkitARM/bin/../lib/gcc/arm-none-eabi/10.2.0/../../../../arm-none-eabi/lib/armv6k/fpu/libg.a(lib_a-mprec.o)
                0x000000000011f0b0                _Bfree
 .text.__multadd
                0x000000000011f0cc       0xf4 /opt/devkitpro/devkitARM/bin/../lib/gcc/arm-none-eabi/10.2.0/../../../../arm-none-eabi/lib/armv6k/fpu/libg.a(lib_a-mprec.o)
                0x000000000011f0cc                __multadd
 .text.__hi0bits
                0x000000000011f1c0       0x58 /opt/devkitpro/devkitARM/bin/../lib/gcc/arm-none-eabi/10.2.0/../../../../arm-none-eabi/lib/armv6k/fpu/libg.a(lib_a-mprec.o)
                0x000000000011f1c0                __hi0bits
 .text.__lo0bits
                0x000000000011f218       0x9c /opt/devkitpro/devkitARM/bin/../lib/gcc/arm-none-eabi/10.2.0/../../../../arm-none-eabi/lib/armv6k/fpu/libg.a(lib_a-mprec.o)
                0x000000000011f218                __lo0bits
 .text.__i2b    0x000000000011f2b4       0xa4 /opt/devkitpro/devkitARM/bin/../lib/gcc/arm-none-eabi/10.2.0/../../../../arm-none-eabi/lib/armv6k/fpu/libg.a(lib_a-mprec.o)
                0x000000000011f2b4                __i2b
 .text.__multiply
                0x000000000011f358      0x204 /opt/devkitpro/devkitARM/bin/../lib/gcc/arm-none-eabi/10.2.0/../../../../arm-none-eabi/lib/armv6k/fpu/libg.a(lib_a-mprec.o)
                0x000000000011f358                __multiply
 .text.__pow5mult
                0x000000000011f55c      0x120 /opt/devkitpro/devkitARM/bin/../lib/gcc/arm-none-eabi/10.2.0/../../../../arm-none-eabi/lib/armv6k/fpu/libg.a(lib_a-mprec.o)
                0x000000000011f55c                __pow5mult
 .text.__lshift
                0x000000000011f67c      0x13c /opt/devkitpro/devkitARM/bin/../lib/gcc/arm-none-eabi/10.2.0/../../../../arm-none-eabi/lib/armv6k/fpu/libg.a(lib_a-mprec.o)
                0x000000000011f67c                __lshift
 .text.__mcmp   0x000000000011f7b8       0x58 /opt/devkitpro/devkitARM/bin/../lib/gcc/arm-none-eabi/10.2.0/../../../../arm-none-eabi/lib/armv6k/fpu/libg.a(lib_a-mprec.o)
                0x000000000011f7b8                __mcmp
 .text.__mdiff  0x000000000011f810      0x1cc /opt/devkitpro/devkitARM/bin/../lib/gcc/arm-none-eabi/10.2.0/../../../../arm-none-eabi/lib/armv6k/fpu/libg.a(lib_a-mprec.o)
                0x000000000011f810                __mdiff
 .text.__d2b    0x000000000011f9dc      0x12c /opt/devkitpro/devkitARM/bin/../lib/gcc/arm-none-eabi/10.2.0/../../../../arm-none-eabi/lib/armv6k/fpu/libg.a(lib_a-mprec.o)
                0x000000000011f9dc                __d2b
 .text.frexp    0x000000000011fb08       0xa8 /opt/devkitpro/devkitARM/bin/../lib/gcc/arm-none-eabi/10.2.0/../../../../arm-none-eabi/lib/armv6k/fpu/libg.a(lib_a-s_frexp.o)
                0x000000000011fb08                frexp
 .text.__ssprint_r
                0x000000000011fbb0      0x188 /opt/devkitpro/devkitARM/bin/../lib/gcc/arm-none-eabi/10.2.0/../../../../arm-none-eabi/lib/armv6k/fpu/libg.a(lib_a-svfiprintf.o)
                0x000000000011fbb0                __ssprint_r
 .text._wcsnrtombs_l
                0x000000000011fd38      0x190 /opt/devkitpro/devkitARM/bin/../lib/gcc/arm-none-eabi/10.2.0/../../../../arm-none-eabi/lib/armv6k/fpu/libg.a(lib_a-wcsnrtombs.o)
                0x000000000011fd38                _wcsnrtombs_l
 .text._wcsnrtombs_r
                0x000000000011fec8       0x4c /opt/devkitpro/devkitARM/bin/../lib/gcc/arm-none-eabi/10.2.0/../../../../arm-none-eabi/lib/armv6k/fpu/libg.a(lib_a-wcsnrtombs.o)
                0x000000000011fec8                _wcsnrtombs_r
 .text.__utf8_wctomb
                0x000000000011ff14       0xf0 /opt/devkitpro/devkitARM/bin/../lib/gcc/arm-none-eabi/10.2.0/../../../../arm-none-eabi/lib/armv6k/fpu/libg.a(lib_a-wctomb_r.o)
                0x000000000011ff14                __utf8_wctomb
 .text.__assert_func
                0x0000000000120004       0x5c /opt/devkitpro/devkitARM/bin/../lib/gcc/arm-none-eabi/10.2.0/../../../../arm-none-eabi/lib/armv6k/fpu/libg.a(lib_a-assert.o)
                0x0000000000120004                __assert_func
 .text.fiprintf
                0x0000000000120060       0x3c /opt/devkitpro/devkitARM/bin/../lib/gcc/arm-none-eabi/10.2.0/../../../../arm-none-eabi/lib/armv6k/fpu/libg.a(lib_a-fiprintf.o)
                0x0000000000120060                fiprintf
 .text.get_arg  0x000000000012009c      0x64c /opt/devkitpro/devkitARM/bin/../lib/gcc/arm-none-eabi/10.2.0/../../../../arm-none-eabi/lib/armv6k/fpu/libg.a(lib_a-vfiprintf.o)
 .text.__sprint_r
                0x00000000001206e8       0x34 /opt/devkitpro/devkitARM/bin/../lib/gcc/arm-none-eabi/10.2.0/../../../../arm-none-eabi/lib/armv6k/fpu/libg.a(lib_a-vfiprintf.o)
                0x00000000001206e8                __sprint_r
 .text._vfiprintf_r
                0x000000000012071c     0x2584 /opt/devkitpro/devkitARM/bin/../lib/gcc/arm-none-eabi/10.2.0/../../../../arm-none-eabi/lib/armv6k/fpu/libg.a(lib_a-vfiprintf.o)
                0x000000000012071c                _vfiprintf_r
 .text.__sbprintf
                0x0000000000122ca0       0xd4 /opt/devkitpro/devkitARM/bin/../lib/gcc/arm-none-eabi/10.2.0/../../../../arm-none-eabi/lib/armv6k/fpu/libg.a(lib_a-vfiprintf.o)
 .text.__swsetup_r
                0x0000000000122d74      0x154 /opt/devkitpro/devkitARM/bin/../lib/gcc/arm-none-eabi/10.2.0/../../../../arm-none-eabi/lib/armv6k/fpu/libg.a(lib_a-wsetup.o)
                0x0000000000122d74                __swsetup_r
 .text.abort    0x0000000000122ec8       0x14 /opt/devkitpro/devkitARM/bin/../lib/gcc/arm-none-eabi/10.2.0/../../../../arm-none-eabi/lib/armv6k/fpu/libg.a(lib_a-abort.o)
                0x0000000000122ec8                abort
 .text.__sfvwrite_r
                0x0000000000122edc      0x4a4 /opt/devkitpro/devkitARM/bin/../lib/gcc/arm-none-eabi/10.2.0/../../../../arm-none-eabi/lib/armv6k/fpu/libg.a(lib_a-fvwrite.o)
                0x0000000000122edc                __sfvwrite_r
 .text._raise_r
                0x0000000000123380       0x98 /opt/devkitpro/devkitARM/bin/../lib/gcc/arm-none-eabi/10.2.0/../../../../arm-none-eabi/lib/armv6k/fpu/libg.a(lib_a-signal.o)
                0x0000000000123380                _raise_r
 .text.raise    0x0000000000123418       0x20 /opt/devkitpro/devkitARM/bin/../lib/gcc/arm-none-eabi/10.2.0/../../../../arm-none-eabi/lib/armv6k/fpu/libg.a(lib_a-signal.o)
                0x0000000000123418                raise
 .text.null_write
                0x0000000000123438        0x8 /opt/devkitpro/devkitARM/bin/../lib/gcc/arm-none-eabi/10.2.0/../../../../arm-none-eabi/lib/armv6k/fpu/libsysbase.a(iosupport.o)
 .text.setDefaultDevice
                0x0000000000123440       0x18 /opt/devkitpro/devkitARM/bin/../lib/gcc/arm-none-eabi/10.2.0/../../../../arm-none-eabi/lib/armv6k/fpu/libsysbase.a(iosupport.o)
                0x0000000000123440                setDefaultDevice
 .text.FindDevice
                0x0000000000123458       0xc8 /opt/devkitpro/devkitARM/bin/../lib/gcc/arm-none-eabi/10.2.0/../../../../arm-none-eabi/lib/armv6k/fpu/libsysbase.a(iosupport.o)
                0x0000000000123458                FindDevice
 .text.RemoveDevice
                0x0000000000123520       0x28 /opt/devkitpro/devkitARM/bin/../lib/gcc/arm-none-eabi/10.2.0/../../../../arm-none-eabi/lib/armv6k/fpu/libsysbase.a(iosupport.o)
                0x0000000000123520                RemoveDevice
 .text.AddDevice